<?xml version="1.0" encoding="UTF-8"?>
<TestRun id="365c7960-fc5f-4403-a3a0-58c22c6ae484" name="Justin@JUSTIN-PC 2010-01-27 00:55:00" runUser="Justin-PC\Justin" xmlns="http://microsoft.com/schemas/VisualStudio/TeamTest/2006">
  <TestRunConfiguration name="Default Run Configuration" id="e2b55f19-81aa-4967-9663-518edee65d5b">
    <Deployment runDeploymentRoot="D:\ASPNET_MVC\Trakker\TestResults\Justin_JUSTIN-PC 2010-01-27 00_55_00">
      <DeploymentItem filename="D:\ASPNET_MVC\Trakker\Lib\Gallio.dll" />
      <DeploymentItem filename="D:\ASPNET_MVC\Trakker\Trakker.Data\bin\Debug\Trakker.Data.dll" />
      <DeploymentItem filename="D:\ASPNET_MVC\Trakker\Lib\MbUnit.dll" />
      <DeploymentItem filename="D:\ASPNET_MVC\Trakker\Trakker\bin\Trakker.dll" />
    </Deployment>
    <Hosts skipUnhostableTests="false" />
    <TestTypeSpecific />
  </TestRunConfiguration>
  <ResultSummary outcome="Failed">
    <Counters total="60" executed="60" passed="59" error="0" failed="1" timeout="0" aborted="0" inconclusive="0" passedButRunAborted="0" notRunnable="0" notExecuted="0" disconnected="0" warning="0" completed="0" inProgress="0" pending="0" />
  </ResultSummary>
  <Times creation="2010-01-27T00:55:00.9414973-08:00" queuing="2010-01-27T00:55:02.6855970-08:00" start="2010-01-27T00:55:02.9546124-08:00" finish="2010-01-27T00:55:10.4800428-08:00" />
  <TestDefinitions>
    <GallioTestElement name="CanInsertCategoryWithSave" storage="D:\ASPNET_MVC\Trakker\Trakker.Tests\bin\Debug\Trakker.Tests.dll" id="35613633-6134-3432-3937-333630326334" d3p1:Gallio.TestId="36a54a24973602c4" d3p1:Gallio.AssemblyName="Trakker.Tests, Version=1.0.0.0, Culture=neutral, PublicKeyToken=null" d3p1:Gallio.NamespaceName="Trakker.Tests.TaskRepositoryTest" d3p1:Gallio.TypeName="Trakker.Tests.TaskRepositoryTest.TaskRepositoryTest" d3p1:Gallio.MemberName="CanInsertCategoryWithSave" d3p1:Gallio.ParameterName="" d3p1:Gallio.Path="D:\ASPNET_MVC\Trakker\Trakker.Tests\Data\Repositorys\TaskRepositoryTest.cs" d3p1:Gallio.Line="120" d3p1:Gallio.Column="0" xmlns:d3p1="http://www.gallio.org/">
      <Css projectStructure="" iteration="" />
      <Owners>
        <Owner name="" />
      </Owners>
      <Execution id="3946d94c-9997-49ea-a0ad-2292bf43d111" />
      <Properties>
        <Property>
          <Key>TestKind</Key>
          <Value>Test</Value>
        </Property>
      </Properties>
    </GallioTestElement>
    <GallioTestElement name="CanGetSeverityUsingFilterWithId" storage="D:\ASPNET_MVC\Trakker\Trakker.Tests\bin\Debug\Trakker.Tests.dll" id="39316438-3563-3663-6663-363032663235" d3p1:Gallio.TestId="8d19c5c6fc602f25" d3p1:Gallio.AssemblyName="Trakker.Tests, Version=1.0.0.0, Culture=neutral, PublicKeyToken=null" d3p1:Gallio.NamespaceName="Trakker.Tests.Data.Filters" d3p1:Gallio.TypeName="Trakker.Tests.Data.Filters.SeverityFiltersTests" d3p1:Gallio.MemberName="CanGetSeverityUsingFilterWithId" d3p1:Gallio.ParameterName="" d3p1:Gallio.Path="D:\ASPNET_MVC\Trakker\Trakker.Tests\Data\Filters\SeverityFiltersTests.cs" d3p1:Gallio.Line="28" d3p1:Gallio.Column="0" xmlns:d3p1="http://www.gallio.org/">
      <Css projectStructure="" iteration="" />
      <Owners>
        <Owner name="" />
      </Owners>
      <Execution id="0eac29a1-eefe-495a-9877-782a2cf101e2" />
      <Properties>
        <Property>
          <Key>TestKind</Key>
          <Value>Test</Value>
        </Property>
      </Properties>
    </GallioTestElement>
    <GallioTestElement name="CanGetStatusUsingFilterWithName" storage="D:\ASPNET_MVC\Trakker\Trakker.Tests\bin\Debug\Trakker.Tests.dll" id="37353836-3832-3332-3963-316332646239" d3p1:Gallio.TestId="685728239c1c2db9" d3p1:Gallio.AssemblyName="Trakker.Tests, Version=1.0.0.0, Culture=neutral, PublicKeyToken=null" d3p1:Gallio.NamespaceName="Trakker.Tests.Data.Filters" d3p1:Gallio.TypeName="Trakker.Tests.Data.Filters.StatusFiltersTests" d3p1:Gallio.MemberName="CanGetStatusUsingFilterWithName" d3p1:Gallio.ParameterName="" d3p1:Gallio.Path="D:\ASPNET_MVC\Trakker\Trakker.Tests\Data\Filters\StatusFiltersTests.cs" d3p1:Gallio.Line="33" d3p1:Gallio.Column="0" xmlns:d3p1="http://www.gallio.org/">
      <Css projectStructure="" iteration="" />
      <Owners>
        <Owner name="" />
      </Owners>
      <Execution id="2b9dc410-5d21-4d6a-ab0c-42f735b61482" />
      <Properties>
        <Property>
          <Key>TestKind</Key>
          <Value>Test</Value>
        </Property>
      </Properties>
    </GallioTestElement>
    <GallioTestElement name="CanUpdateUserWithSave" storage="D:\ASPNET_MVC\Trakker\Trakker.Tests\bin\Debug\Trakker.Tests.dll" id="39333633-6365-6432-3662-313432343463" d3p1:Gallio.TestId="3639ec2d6b14244c" d3p1:Gallio.AssemblyName="Trakker.Tests, Version=1.0.0.0, Culture=neutral, PublicKeyToken=null" d3p1:Gallio.NamespaceName="Trakker.Tests.TaskRepositoryTest" d3p1:Gallio.TypeName="Trakker.Tests.TaskRepositoryTest.UserRepositoryTest" d3p1:Gallio.MemberName="CanUpdateUserWithSave" d3p1:Gallio.ParameterName="" d3p1:Gallio.Path="D:\ASPNET_MVC\Trakker\Trakker.Tests\Data\Repositorys\UserRepositoryTest.cs" d3p1:Gallio.Line="60" d3p1:Gallio.Column="0" xmlns:d3p1="http://www.gallio.org/">
      <Css projectStructure="" iteration="" />
      <Owners>
        <Owner name="" />
      </Owners>
      <Execution id="06e7a0f1-95f8-456c-abf1-1c9cab3af4fe" />
      <Properties>
        <Property>
          <Key>TestKind</Key>
          <Value>Test</Value>
        </Property>
      </Properties>
    </GallioTestElement>
    <GallioTestElement name="CanDeleteCategory" storage="D:\ASPNET_MVC\Trakker\Trakker.Tests\bin\Debug\Trakker.Tests.dll" id="36303934-3739-3730-3335-383438383239" d3p1:Gallio.TestId="4906970735848829" d3p1:Gallio.AssemblyName="Trakker.Tests, Version=1.0.0.0, Culture=neutral, PublicKeyToken=null" d3p1:Gallio.NamespaceName="Trakker.Tests.TaskRepositoryTest" d3p1:Gallio.TypeName="Trakker.Tests.TaskRepositoryTest.TaskRepositoryTest" d3p1:Gallio.MemberName="CanDeleteCategory" d3p1:Gallio.ParameterName="" d3p1:Gallio.Path="D:\ASPNET_MVC\Trakker\Trakker.Tests\Data\Repositorys\TaskRepositoryTest.cs" d3p1:Gallio.Line="427" d3p1:Gallio.Column="0" xmlns:d3p1="http://www.gallio.org/">
      <Css projectStructure="" iteration="" />
      <Owners>
        <Owner name="" />
      </Owners>
      <Execution id="1228fae5-0a95-4f65-a3c7-b26658c12f44" />
      <Properties>
        <Property>
          <Key>TestKind</Key>
          <Value>Test</Value>
        </Property>
      </Properties>
    </GallioTestElement>
    <GallioTestElement name="ExpectedValueForUpperboundWithEvenVariance" storage="D:\ASPNET_MVC\Trakker\Trakker.Tests\bin\Debug\Trakker.Tests.dll" id="37383535-3765-3566-3533-636434393134" d3p1:Gallio.TestId="5587e7f553cd4914" d3p1:Gallio.AssemblyName="Trakker.Tests, Version=1.0.0.0, Culture=neutral, PublicKeyToken=null" d3p1:Gallio.NamespaceName="Trakker.Tests.ViewModels" d3p1:Gallio.TypeName="Trakker.Tests.ViewModels.PaginationTests" d3p1:Gallio.MemberName="ExpectedValueForUpperboundWithEvenVariance" d3p1:Gallio.ParameterName="" d3p1:Gallio.Path="D:\ASPNET_MVC\Trakker\Trakker.Tests\Helpers\PaginationTests.cs" d3p1:Gallio.Line="71" d3p1:Gallio.Column="0" xmlns:d3p1="http://www.gallio.org/">
      <Css projectStructure="" iteration="" />
      <Owners>
        <Owner name="" />
      </Owners>
      <Execution id="0a3a36cf-2898-47c8-a81c-8f7db5878f6a" />
      <Properties>
        <Property>
          <Key>TestKind</Key>
          <Value>Test</Value>
        </Property>
      </Properties>
    </GallioTestElement>
    <GallioTestElement name="CanGetCategoryUsingFilterWithId" storage="D:\ASPNET_MVC\Trakker\Trakker.Tests\bin\Debug\Trakker.Tests.dll" id="38333637-3338-3465-3634-346466623935" d3p1:Gallio.TestId="763883e4644dfb95" d3p1:Gallio.AssemblyName="Trakker.Tests, Version=1.0.0.0, Culture=neutral, PublicKeyToken=null" d3p1:Gallio.NamespaceName="Trakker.Tests.Data.Filters" d3p1:Gallio.TypeName="Trakker.Tests.Data.Filters.CategoryFiltersTests" d3p1:Gallio.MemberName="CanGetCategoryUsingFilterWithId" d3p1:Gallio.ParameterName="" d3p1:Gallio.Path="D:\ASPNET_MVC\Trakker\Trakker.Tests\Data\Filters\CategoryFiltersTests.cs" d3p1:Gallio.Line="28" d3p1:Gallio.Column="0" xmlns:d3p1="http://www.gallio.org/">
      <Css projectStructure="" iteration="" />
      <Owners>
        <Owner name="" />
      </Owners>
      <Execution id="c05c64c4-dffc-4b92-bb38-b33ac9c58ab2" />
      <Properties>
        <Property>
          <Key>TestKind</Key>
          <Value>Test</Value>
        </Property>
      </Properties>
    </GallioTestElement>
    <GallioTestElement name="ExpectedValueForPageSize" storage="D:\ASPNET_MVC\Trakker\Trakker.Tests\bin\Debug\Trakker.Tests.dll" id="39613634-3264-3137-3932-633962653063" d3p1:Gallio.TestId="46a9d27192c9be0c" d3p1:Gallio.AssemblyName="Trakker.Tests, Version=1.0.0.0, Culture=neutral, PublicKeyToken=null" d3p1:Gallio.NamespaceName="Trakker.Tests.ViewModels" d3p1:Gallio.TypeName="Trakker.Tests.ViewModels.PaginationTests" d3p1:Gallio.MemberName="ExpectedValueForPageSize" d3p1:Gallio.ParameterName="" d3p1:Gallio.Path="D:\ASPNET_MVC\Trakker\Trakker.Tests\Helpers\PaginationTests.cs" d3p1:Gallio.Line="103" d3p1:Gallio.Column="0" xmlns:d3p1="http://www.gallio.org/">
      <Css projectStructure="" iteration="" />
      <Owners>
        <Owner name="" />
      </Owners>
      <Execution id="92ba1565-4c95-44cd-b9a4-6fa3de3096a4" />
      <Properties>
        <Property>
          <Key>TestKind</Key>
          <Value>Test</Value>
        </Property>
      </Properties>
    </GallioTestElement>
    <GallioTestElement name="CanGetUserUsingFilterWithEmail" storage="D:\ASPNET_MVC\Trakker\Trakker.Tests\bin\Debug\Trakker.Tests.dll" id="65363236-3732-6330-3731-656461376534" d3p1:Gallio.TestId="626e270c71eda7e4" d3p1:Gallio.AssemblyName="Trakker.Tests, Version=1.0.0.0, Culture=neutral, PublicKeyToken=null" d3p1:Gallio.NamespaceName="Trakker.Tests.Data.Filters" d3p1:Gallio.TypeName="Trakker.Tests.Data.Filters.UserFiltersTests" d3p1:Gallio.MemberName="CanGetUserUsingFilterWithEmail" d3p1:Gallio.ParameterName="" d3p1:Gallio.Path="D:\ASPNET_MVC\Trakker\Trakker.Tests\Data\Filters\UserFiltersTests.cs" d3p1:Gallio.Line="28" d3p1:Gallio.Column="0" xmlns:d3p1="http://www.gallio.org/">
      <Css projectStructure="" iteration="" />
      <Owners>
        <Owner name="" />
      </Owners>
      <Execution id="a1d21cbf-e551-4821-9ad1-f2c04258211f" />
      <Properties>
        <Property>
          <Key>TestKind</Key>
          <Value>Test</Value>
        </Property>
      </Properties>
    </GallioTestElement>
    <GallioTestElement name="CanGenerateProperSlugForATask" storage="D:\ASPNET_MVC\Trakker\Trakker.Tests\bin\Debug\Trakker.Tests.dll" id="66323337-3632-3335-6265-313565663461" d3p1:Gallio.TestId="732f2653be15ef4a" d3p1:Gallio.AssemblyName="Trakker.Tests, Version=1.0.0.0, Culture=neutral, PublicKeyToken=null" d3p1:Gallio.NamespaceName="Trakker.Tests.TaskRepositoryTest" d3p1:Gallio.TypeName="Trakker.Tests.TaskRepositoryTest.TaskRepositoryTest" d3p1:Gallio.MemberName="CanGenerateProperSlugForATask" d3p1:Gallio.ParameterName="" d3p1:Gallio.Path="D:\ASPNET_MVC\Trakker\Trakker.Tests\Data\Repositorys\TaskRepositoryTest.cs" d3p1:Gallio.Line="339" d3p1:Gallio.Column="0" xmlns:d3p1="http://www.gallio.org/">
      <Css projectStructure="" iteration="" />
      <Owners>
        <Owner name="" />
      </Owners>
      <Execution id="4012ce3c-81e5-4237-9d07-17262179c361" />
      <Properties>
        <Property>
          <Key>TestKind</Key>
          <Value>Test</Value>
        </Property>
      </Properties>
    </GallioTestElement>
    <GallioTestElement name="LowerboundCannotBeLessThanOne" storage="D:\ASPNET_MVC\Trakker\Trakker.Tests\bin\Debug\Trakker.Tests.dll" id="30366166-3333-6565-3633-636335373120" d3p1:Gallio.TestId="fa6033ee63cc571" d3p1:Gallio.AssemblyName="Trakker.Tests, Version=1.0.0.0, Culture=neutral, PublicKeyToken=null" d3p1:Gallio.NamespaceName="Trakker.Tests.ViewModels" d3p1:Gallio.TypeName="Trakker.Tests.ViewModels.PaginationTests" d3p1:Gallio.MemberName="LowerboundCannotBeLessThanOne" d3p1:Gallio.ParameterName="" d3p1:Gallio.Path="D:\ASPNET_MVC\Trakker\Trakker.Tests\Helpers\PaginationTests.cs" d3p1:Gallio.Line="117" d3p1:Gallio.Column="0" xmlns:d3p1="http://www.gallio.org/">
      <Css projectStructure="" iteration="" />
      <Owners>
        <Owner name="" />
      </Owners>
      <Execution id="58c1ad52-fa7a-4e72-afdf-2cbef5e56030" />
      <Properties>
        <Property>
          <Key>TestKind</Key>
          <Value>Test</Value>
        </Property>
      </Properties>
    </GallioTestElement>
    <GallioTestElement name="PreviousPageCannotBeLessThanOne" storage="D:\ASPNET_MVC\Trakker\Trakker.Tests\bin\Debug\Trakker.Tests.dll" id="39306339-3035-3162-6437-666238393262" d3p1:Gallio.TestId="9c0950b1d7fb892b" d3p1:Gallio.AssemblyName="Trakker.Tests, Version=1.0.0.0, Culture=neutral, PublicKeyToken=null" d3p1:Gallio.NamespaceName="Trakker.Tests.ViewModels" d3p1:Gallio.TypeName="Trakker.Tests.ViewModels.PaginationTests" d3p1:Gallio.MemberName="PreviousPageCannotBeLessThanOne" d3p1:Gallio.ParameterName="" d3p1:Gallio.Path="D:\ASPNET_MVC\Trakker\Trakker.Tests\Helpers\PaginationTests.cs" d3p1:Gallio.Line="145" d3p1:Gallio.Column="0" xmlns:d3p1="http://www.gallio.org/">
      <Css projectStructure="" iteration="" />
      <Owners>
        <Owner name="" />
      </Owners>
      <Execution id="49ce42c5-8a86-4593-8978-c8aa847451a4" />
      <Properties>
        <Property>
          <Key>TestKind</Key>
          <Value>Test</Value>
        </Property>
      </Properties>
    </GallioTestElement>
    <GallioTestElement name="ExpectedValueForHasPreviousPage" storage="D:\ASPNET_MVC\Trakker\Trakker.Tests\bin\Debug\Trakker.Tests.dll" id="33393733-6433-6338-3232-376664343666" d3p1:Gallio.TestId="37933d8c227fd46f" d3p1:Gallio.AssemblyName="Trakker.Tests, Version=1.0.0.0, Culture=neutral, PublicKeyToken=null" d3p1:Gallio.NamespaceName="Trakker.Tests.ViewModels" d3p1:Gallio.TypeName="Trakker.Tests.ViewModels.PaginationTests" d3p1:Gallio.MemberName="ExpectedValueForHasPreviousPage" d3p1:Gallio.ParameterName="" d3p1:Gallio.Path="D:\ASPNET_MVC\Trakker\Trakker.Tests\Helpers\PaginationTests.cs" d3p1:Gallio.Line="43" d3p1:Gallio.Column="0" xmlns:d3p1="http://www.gallio.org/">
      <Css projectStructure="" iteration="" />
      <Owners>
        <Owner name="" />
      </Owners>
      <Execution id="c09548e1-0037-43e7-92ae-f45dab21d697" />
      <Properties>
        <Property>
          <Key>TestKind</Key>
          <Value>Test</Value>
        </Property>
      </Properties>
    </GallioTestElement>
    <GallioTestElement name="ExpectedValueForLowerboundWithEvenVariance" storage="D:\ASPNET_MVC\Trakker\Trakker.Tests\bin\Debug\Trakker.Tests.dll" id="63646466-3437-3335-6533-353166323434" d3p1:Gallio.TestId="fddc7453e351f244" d3p1:Gallio.AssemblyName="Trakker.Tests, Version=1.0.0.0, Culture=neutral, PublicKeyToken=null" d3p1:Gallio.NamespaceName="Trakker.Tests.ViewModels" d3p1:Gallio.TypeName="Trakker.Tests.ViewModels.PaginationTests" d3p1:Gallio.MemberName="ExpectedValueForLowerboundWithEvenVariance" d3p1:Gallio.ParameterName="" d3p1:Gallio.Path="D:\ASPNET_MVC\Trakker\Trakker.Tests\Helpers\PaginationTests.cs" d3p1:Gallio.Line="53" d3p1:Gallio.Column="0" xmlns:d3p1="http://www.gallio.org/">
      <Css projectStructure="" iteration="" />
      <Owners>
        <Owner name="" />
      </Owners>
      <Execution id="f8693758-ad17-4c61-8ce9-680201dd9f49" />
      <Properties>
        <Property>
          <Key>TestKind</Key>
          <Value>Test</Value>
        </Property>
      </Properties>
    </GallioTestElement>
    <GallioTestElement name="CanGetPriorities" storage="D:\ASPNET_MVC\Trakker\Trakker.Tests\bin\Debug\Trakker.Tests.dll" id="64653863-6135-3039-6337-623034373662" d3p1:Gallio.TestId="c8ed5a90c7b0476b" d3p1:Gallio.AssemblyName="Trakker.Tests, Version=1.0.0.0, Culture=neutral, PublicKeyToken=null" d3p1:Gallio.NamespaceName="Trakker.Tests.TaskRepositoryTest" d3p1:Gallio.TypeName="Trakker.Tests.TaskRepositoryTest.TaskRepositoryTest" d3p1:Gallio.MemberName="CanGetPriorities" d3p1:Gallio.ParameterName="" d3p1:Gallio.Path="D:\ASPNET_MVC\Trakker\Trakker.Tests\Data\Repositorys\TaskRepositoryTest.cs" d3p1:Gallio.Line="34" d3p1:Gallio.Column="0" xmlns:d3p1="http://www.gallio.org/">
      <Css projectStructure="" iteration="" />
      <Owners>
        <Owner name="" />
      </Owners>
      <Execution id="9db87920-7548-4a58-a074-bdc17994cb6f" />
      <Properties>
        <Property>
          <Key>TestKind</Key>
          <Value>Test</Value>
        </Property>
      </Properties>
    </GallioTestElement>
    <GallioTestElement name="ExpectedValueForLowerboundWithOddVariance" storage="D:\ASPNET_MVC\Trakker\Trakker.Tests\bin\Debug\Trakker.Tests.dll" id="64313333-3666-3134-6233-393834626437" d3p1:Gallio.TestId="331df641b3984bd7" d3p1:Gallio.AssemblyName="Trakker.Tests, Version=1.0.0.0, Culture=neutral, PublicKeyToken=null" d3p1:Gallio.NamespaceName="Trakker.Tests.ViewModels" d3p1:Gallio.TypeName="Trakker.Tests.ViewModels.PaginationTests" d3p1:Gallio.MemberName="ExpectedValueForLowerboundWithOddVariance" d3p1:Gallio.ParameterName="" d3p1:Gallio.Path="D:\ASPNET_MVC\Trakker\Trakker.Tests\Helpers\PaginationTests.cs" d3p1:Gallio.Line="62" d3p1:Gallio.Column="0" xmlns:d3p1="http://www.gallio.org/">
      <Css projectStructure="" iteration="" />
      <Owners>
        <Owner name="" />
      </Owners>
      <Execution id="c8895c99-09cc-4b75-80aa-7498367c0efc" />
      <Properties>
        <Property>
          <Key>TestKind</Key>
          <Value>Test</Value>
        </Property>
      </Properties>
    </GallioTestElement>
    <GallioTestElement name="CanInsertTaskWithSave" storage="D:\ASPNET_MVC\Trakker\Trakker.Tests\bin\Debug\Trakker.Tests.dll" id="38323333-3535-6530-3264-306338333331" d3p1:Gallio.TestId="3328550e2d0c8331" d3p1:Gallio.AssemblyName="Trakker.Tests, Version=1.0.0.0, Culture=neutral, PublicKeyToken=null" d3p1:Gallio.NamespaceName="Trakker.Tests.TaskRepositoryTest" d3p1:Gallio.TypeName="Trakker.Tests.TaskRepositoryTest.TaskRepositoryTest" d3p1:Gallio.MemberName="CanInsertTaskWithSave" d3p1:Gallio.ParameterName="" d3p1:Gallio.Path="D:\ASPNET_MVC\Trakker\Trakker.Tests\Data\Repositorys\TaskRepositoryTest.cs" d3p1:Gallio.Line="162" d3p1:Gallio.Column="0" xmlns:d3p1="http://www.gallio.org/">
      <Css projectStructure="" iteration="" />
      <Owners>
        <Owner name="" />
      </Owners>
      <Execution id="5f3a7f7f-fc25-4496-a456-304ee788f191" />
      <Properties>
        <Property>
          <Key>TestKind</Key>
          <Value>Test</Value>
        </Property>
      </Properties>
    </GallioTestElement>
    <GallioTestElement name="CanGetCategoryUsingFilterWithName" storage="D:\ASPNET_MVC\Trakker\Trakker.Tests\bin\Debug\Trakker.Tests.dll" id="39376366-3234-6538-3432-313232626434" d3p1:Gallio.TestId="fc79428e42122bd4" d3p1:Gallio.AssemblyName="Trakker.Tests, Version=1.0.0.0, Culture=neutral, PublicKeyToken=null" d3p1:Gallio.NamespaceName="Trakker.Tests.Data.Filters" d3p1:Gallio.TypeName="Trakker.Tests.Data.Filters.CategoryFiltersTests" d3p1:Gallio.MemberName="CanGetCategoryUsingFilterWithName" d3p1:Gallio.ParameterName="" d3p1:Gallio.Path="D:\ASPNET_MVC\Trakker\Trakker.Tests\Data\Filters\CategoryFiltersTests.cs" d3p1:Gallio.Line="36" d3p1:Gallio.Column="0" xmlns:d3p1="http://www.gallio.org/">
      <Css projectStructure="" iteration="" />
      <Owners>
        <Owner name="" />
      </Owners>
      <Execution id="920c5c43-e2b8-43d9-b895-b4fc65347011" />
      <Properties>
        <Property>
          <Key>TestKind</Key>
          <Value>Test</Value>
        </Property>
      </Properties>
    </GallioTestElement>
    <GallioTestElement name="CanUpdateCategoryWithSave" storage="D:\ASPNET_MVC\Trakker\Trakker.Tests\bin\Debug\Trakker.Tests.dll" id="62653566-3562-6238-6465-663730306136" d3p1:Gallio.TestId="f5ebb58bdef700a6" d3p1:Gallio.AssemblyName="Trakker.Tests, Version=1.0.0.0, Culture=neutral, PublicKeyToken=null" d3p1:Gallio.NamespaceName="Trakker.Tests.TaskRepositoryTest" d3p1:Gallio.TypeName="Trakker.Tests.TaskRepositoryTest.TaskRepositoryTest" d3p1:Gallio.MemberName="CanUpdateCategoryWithSave" d3p1:Gallio.ParameterName="" d3p1:Gallio.Path="D:\ASPNET_MVC\Trakker\Trakker.Tests\Data\Repositorys\TaskRepositoryTest.cs" d3p1:Gallio.Line="139" d3p1:Gallio.Column="0" xmlns:d3p1="http://www.gallio.org/">
      <Css projectStructure="" iteration="" />
      <Owners>
        <Owner name="" />
      </Owners>
      <Execution id="104005f9-2f11-456a-ad31-14747b52f740" />
      <Properties>
        <Property>
          <Key>TestKind</Key>
          <Value>Test</Value>
        </Property>
      </Properties>
    </GallioTestElement>
    <GallioTestElement name="CanInsertCommentWithSave" storage="D:\ASPNET_MVC\Trakker\Trakker.Tests\bin\Debug\Trakker.Tests.dll" id="64323663-3865-3661-3531-393831306136" d3p1:Gallio.TestId="c62de8a6519810a6" d3p1:Gallio.AssemblyName="Trakker.Tests, Version=1.0.0.0, Culture=neutral, PublicKeyToken=null" d3p1:Gallio.NamespaceName="Trakker.Tests.TaskRepositoryTest" d3p1:Gallio.TypeName="Trakker.Tests.TaskRepositoryTest.TaskRepositoryTest" d3p1:Gallio.MemberName="CanInsertCommentWithSave" d3p1:Gallio.ParameterName="" d3p1:Gallio.Path="D:\ASPNET_MVC\Trakker\Trakker.Tests\Data\Repositorys\TaskRepositoryTest.cs" d3p1:Gallio.Line="298" d3p1:Gallio.Column="0" xmlns:d3p1="http://www.gallio.org/">
      <Css projectStructure="" iteration="" />
      <Owners>
        <Owner name="" />
      </Owners>
      <Execution id="ce8e873c-81aa-4ea4-a823-6e5f66587519" />
      <Properties>
        <Property>
          <Key>TestKind</Key>
          <Value>Test</Value>
        </Property>
      </Properties>
    </GallioTestElement>
    <GallioTestElement name="CanGetTasks" storage="D:\ASPNET_MVC\Trakker\Trakker.Tests\bin\Debug\Trakker.Tests.dll" id="61356636-3261-3530-3638-663363313237" d3p1:Gallio.TestId="6f5aa20568f3c127" d3p1:Gallio.AssemblyName="Trakker.Tests, Version=1.0.0.0, Culture=neutral, PublicKeyToken=null" d3p1:Gallio.NamespaceName="Trakker.Tests.TaskRepositoryTest" d3p1:Gallio.TypeName="Trakker.Tests.TaskRepositoryTest.TaskRepositoryTest" d3p1:Gallio.MemberName="CanGetTasks" d3p1:Gallio.ParameterName="" d3p1:Gallio.Path="D:\ASPNET_MVC\Trakker\Trakker.Tests\Data\Repositorys\TaskRepositoryTest.cs" d3p1:Gallio.Line="27" d3p1:Gallio.Column="0" xmlns:d3p1="http://www.gallio.org/">
      <Css projectStructure="" iteration="" />
      <Owners>
        <Owner name="" />
      </Owners>
      <Execution id="80f8d5f6-bac8-4d19-94a3-2357cea2233e" />
      <Properties>
        <Property>
          <Key>TestKind</Key>
          <Value>Test</Value>
        </Property>
      </Properties>
    </GallioTestElement>
    <GallioTestElement name="CanGetStatus" storage="D:\ASPNET_MVC\Trakker\Trakker.Tests\bin\Debug\Trakker.Tests.dll" id="37323164-3063-3531-3736-313634346563" d3p1:Gallio.TestId="d127c015761644ec" d3p1:Gallio.AssemblyName="Trakker.Tests, Version=1.0.0.0, Culture=neutral, PublicKeyToken=null" d3p1:Gallio.NamespaceName="Trakker.Tests.TaskRepositoryTest" d3p1:Gallio.TypeName="Trakker.Tests.TaskRepositoryTest.TaskRepositoryTest" d3p1:Gallio.MemberName="CanGetStatus" d3p1:Gallio.ParameterName="" d3p1:Gallio.Path="D:\ASPNET_MVC\Trakker\Trakker.Tests\Data\Repositorys\TaskRepositoryTest.cs" d3p1:Gallio.Line="57" d3p1:Gallio.Column="0" xmlns:d3p1="http://www.gallio.org/">
      <Css projectStructure="" iteration="" />
      <Owners>
        <Owner name="" />
      </Owners>
      <Execution id="aed1d786-6cee-4689-8ea3-2a56ced26b51" />
      <Properties>
        <Property>
          <Key>TestKind</Key>
          <Value>Test</Value>
        </Property>
      </Properties>
    </GallioTestElement>
    <GallioTestElement name="CanGetCommentUsingFilterWithId" storage="D:\ASPNET_MVC\Trakker\Trakker.Tests\bin\Debug\Trakker.Tests.dll" id="38373765-6262-6365-6339-623664653333" d3p1:Gallio.TestId="e778bbecc9b6de33" d3p1:Gallio.AssemblyName="Trakker.Tests, Version=1.0.0.0, Culture=neutral, PublicKeyToken=null" d3p1:Gallio.NamespaceName="Trakker.Tests.Data.Filters" d3p1:Gallio.TypeName="Trakker.Tests.Data.Filters.CommentFiltersTests" d3p1:Gallio.MemberName="CanGetCommentUsingFilterWithId" d3p1:Gallio.ParameterName="" d3p1:Gallio.Path="D:\ASPNET_MVC\Trakker\Trakker.Tests\Data\Filters\CommentFiltersTests.cs" d3p1:Gallio.Line="28" d3p1:Gallio.Column="0" xmlns:d3p1="http://www.gallio.org/">
      <Css projectStructure="" iteration="" />
      <Owners>
        <Owner name="" />
      </Owners>
      <Execution id="56ccec8e-e348-4a62-a4e2-f4edb3bda717" />
      <Properties>
        <Property>
          <Key>TestKind</Key>
          <Value>Test</Value>
        </Property>
      </Properties>
    </GallioTestElement>
    <GallioTestElement name="CanGetStatusUsingFilterWithId" storage="D:\ASPNET_MVC\Trakker\Trakker.Tests\bin\Debug\Trakker.Tests.dll" id="36303433-6230-3739-3462-383733383265" d3p1:Gallio.TestId="34060b974b87382e" d3p1:Gallio.AssemblyName="Trakker.Tests, Version=1.0.0.0, Culture=neutral, PublicKeyToken=null" d3p1:Gallio.NamespaceName="Trakker.Tests.Data.Filters" d3p1:Gallio.TypeName="Trakker.Tests.Data.Filters.StatusFiltersTests" d3p1:Gallio.MemberName="CanGetStatusUsingFilterWithId" d3p1:Gallio.ParameterName="" d3p1:Gallio.Path="D:\ASPNET_MVC\Trakker\Trakker.Tests\Data\Filters\StatusFiltersTests.cs" d3p1:Gallio.Line="25" d3p1:Gallio.Column="0" xmlns:d3p1="http://www.gallio.org/">
      <Css projectStructure="" iteration="" />
      <Owners>
        <Owner name="" />
      </Owners>
      <Execution id="ed23d156-e864-4e6e-9155-f952c9cd0534" />
      <Properties>
        <Property>
          <Key>TestKind</Key>
          <Value>Test</Value>
        </Property>
      </Properties>
    </GallioTestElement>
    <GallioTestElement name="CanDeleteSeverity" storage="D:\ASPNET_MVC\Trakker\Trakker.Tests\bin\Debug\Trakker.Tests.dll" id="31343939-3936-3534-3832-643532636535" d3p1:Gallio.TestId="9941694582d52ce5" d3p1:Gallio.AssemblyName="Trakker.Tests, Version=1.0.0.0, Culture=neutral, PublicKeyToken=null" d3p1:Gallio.NamespaceName="Trakker.Tests.TaskRepositoryTest" d3p1:Gallio.TypeName="Trakker.Tests.TaskRepositoryTest.TaskRepositoryTest" d3p1:Gallio.MemberName="CanDeleteSeverity" d3p1:Gallio.ParameterName="" d3p1:Gallio.Path="D:\ASPNET_MVC\Trakker\Trakker.Tests\Data\Repositorys\TaskRepositoryTest.cs" d3p1:Gallio.Line="412" d3p1:Gallio.Column="0" xmlns:d3p1="http://www.gallio.org/">
      <Css projectStructure="" iteration="" />
      <Owners>
        <Owner name="" />
      </Owners>
      <Execution id="36eb4b7e-75d2-4eb2-b10a-af944e915d16" />
      <Properties>
        <Property>
          <Key>TestKind</Key>
          <Value>Test</Value>
        </Property>
      </Properties>
    </GallioTestElement>
    <GallioTestElement name="CanGetSeverityUsingFilterWithName" storage="D:\ASPNET_MVC\Trakker\Trakker.Tests\bin\Debug\Trakker.Tests.dll" id="38656533-3631-3130-3438-356535363838" d3p1:Gallio.TestId="3ee81601485e5688" d3p1:Gallio.AssemblyName="Trakker.Tests, Version=1.0.0.0, Culture=neutral, PublicKeyToken=null" d3p1:Gallio.NamespaceName="Trakker.Tests.Data.Filters" d3p1:Gallio.TypeName="Trakker.Tests.Data.Filters.SeverityFiltersTests" d3p1:Gallio.MemberName="CanGetSeverityUsingFilterWithName" d3p1:Gallio.ParameterName="" d3p1:Gallio.Path="D:\ASPNET_MVC\Trakker\Trakker.Tests\Data\Filters\SeverityFiltersTests.cs" d3p1:Gallio.Line="36" d3p1:Gallio.Column="0" xmlns:d3p1="http://www.gallio.org/">
      <Css projectStructure="" iteration="" />
      <Owners>
        <Owner name="" />
      </Owners>
      <Execution id="a2584b71-3b98-44f1-bad1-23343928f548" />
      <Properties>
        <Property>
          <Key>TestKind</Key>
          <Value>Test</Value>
        </Property>
      </Properties>
    </GallioTestElement>
    <GallioTestElement name="CanUpdateTaskWithSave" storage="D:\ASPNET_MVC\Trakker\Trakker.Tests\bin\Debug\Trakker.Tests.dll" id="66343531-3639-6466-6135-623330333734" d3p1:Gallio.TestId="154f96fda5b30374" d3p1:Gallio.AssemblyName="Trakker.Tests, Version=1.0.0.0, Culture=neutral, PublicKeyToken=null" d3p1:Gallio.NamespaceName="Trakker.Tests.TaskRepositoryTest" d3p1:Gallio.TypeName="Trakker.Tests.TaskRepositoryTest.TaskRepositoryTest" d3p1:Gallio.MemberName="CanUpdateTaskWithSave" d3p1:Gallio.ParameterName="" d3p1:Gallio.Path="D:\ASPNET_MVC\Trakker\Trakker.Tests\Data\Repositorys\TaskRepositoryTest.cs" d3p1:Gallio.Line="189" d3p1:Gallio.Column="0" xmlns:d3p1="http://www.gallio.org/">
      <Css projectStructure="" iteration="" />
      <Owners>
        <Owner name="" />
      </Owners>
      <Execution id="d5a23443-437b-42f3-b073-4d537663e0cc" />
      <Properties>
        <Property>
          <Key>TestKind</Key>
          <Value>Test</Value>
        </Property>
      </Properties>
    </GallioTestElement>
    <GallioTestElement name="CanGetSeverities" storage="D:\ASPNET_MVC\Trakker\Trakker.Tests\bin\Debug\Trakker.Tests.dll" id="39353937-3966-3664-3336-343161376634" d3p1:Gallio.TestId="7959f9d63641a7f4" d3p1:Gallio.AssemblyName="Trakker.Tests, Version=1.0.0.0, Culture=neutral, PublicKeyToken=null" d3p1:Gallio.NamespaceName="Trakker.Tests.TaskRepositoryTest" d3p1:Gallio.TypeName="Trakker.Tests.TaskRepositoryTest.TaskRepositoryTest" d3p1:Gallio.MemberName="CanGetSeverities" d3p1:Gallio.ParameterName="" d3p1:Gallio.Path="D:\ASPNET_MVC\Trakker\Trakker.Tests\Data\Repositorys\TaskRepositoryTest.cs" d3p1:Gallio.Line="43" d3p1:Gallio.Column="0" xmlns:d3p1="http://www.gallio.org/">
      <Css projectStructure="" iteration="" />
      <Owners>
        <Owner name="" />
      </Owners>
      <Execution id="4ebfbd56-55e0-4c88-8935-d6fb9093a6ad" />
      <Properties>
        <Property>
          <Key>TestKind</Key>
          <Value>Test</Value>
        </Property>
      </Properties>
    </GallioTestElement>
    <GallioTestElement name="IndexCannotBeLessThanOne" storage="D:\ASPNET_MVC\Trakker\Trakker.Tests\bin\Debug\Trakker.Tests.dll" id="34386233-6635-3165-3239-663966663434" d3p1:Gallio.TestId="3b845fe129f9ff44" d3p1:Gallio.AssemblyName="Trakker.Tests, Version=1.0.0.0, Culture=neutral, PublicKeyToken=null" d3p1:Gallio.NamespaceName="Trakker.Tests.ViewModels" d3p1:Gallio.TypeName="Trakker.Tests.ViewModels.PaginationTests" d3p1:Gallio.MemberName="IndexCannotBeLessThanOne" d3p1:Gallio.ParameterName="" d3p1:Gallio.Path="D:\ASPNET_MVC\Trakker\Trakker.Tests\Helpers\PaginationTests.cs" d3p1:Gallio.Line="29" d3p1:Gallio.Column="0" xmlns:d3p1="http://www.gallio.org/">
      <Css projectStructure="" iteration="" />
      <Owners>
        <Owner name="" />
      </Owners>
      <Execution id="cfd0dc5b-27d7-498f-a257-017f3013a83f" />
      <Properties>
        <Property>
          <Key>TestKind</Key>
          <Value>Test</Value>
        </Property>
      </Properties>
    </GallioTestElement>
    <GallioTestElement name="CanGetPriorityUsingFilterWithName" storage="D:\ASPNET_MVC\Trakker\Trakker.Tests\bin\Debug\Trakker.Tests.dll" id="36333638-6264-3965-3766-626337323434" d3p1:Gallio.TestId="8636dbe97fbc7244" d3p1:Gallio.AssemblyName="Trakker.Tests, Version=1.0.0.0, Culture=neutral, PublicKeyToken=null" d3p1:Gallio.NamespaceName="Trakker.Tests.Data.Filters" d3p1:Gallio.TypeName="Trakker.Tests.Data.Filters.PriorityFiltersTests" d3p1:Gallio.MemberName="CanGetPriorityUsingFilterWithName" d3p1:Gallio.ParameterName="" d3p1:Gallio.Path="D:\ASPNET_MVC\Trakker\Trakker.Tests\Data\Filters\PriorityFiltersTests.cs" d3p1:Gallio.Line="36" d3p1:Gallio.Column="0" xmlns:d3p1="http://www.gallio.org/">
      <Css projectStructure="" iteration="" />
      <Owners>
        <Owner name="" />
      </Owners>
      <Execution id="99ad4eba-8011-4766-af3f-8564af78bd7c" />
      <Properties>
        <Property>
          <Key>TestKind</Key>
          <Value>Test</Value>
        </Property>
      </Properties>
    </GallioTestElement>
    <GallioTestElement name="IndexCannotBeGreaterThanTotalPages" storage="D:\ASPNET_MVC\Trakker\Trakker.Tests\bin\Debug\Trakker.Tests.dll" id="61303763-3863-6635-6436-663634646665" d3p1:Gallio.TestId="c70ac85fd6f64dfe" d3p1:Gallio.AssemblyName="Trakker.Tests, Version=1.0.0.0, Culture=neutral, PublicKeyToken=null" d3p1:Gallio.NamespaceName="Trakker.Tests.ViewModels" d3p1:Gallio.TypeName="Trakker.Tests.ViewModels.PaginationTests" d3p1:Gallio.MemberName="IndexCannotBeGreaterThanTotalPages" d3p1:Gallio.ParameterName="" d3p1:Gallio.Path="D:\ASPNET_MVC\Trakker\Trakker.Tests\Helpers\PaginationTests.cs" d3p1:Gallio.Line="36" d3p1:Gallio.Column="0" xmlns:d3p1="http://www.gallio.org/">
      <Css projectStructure="" iteration="" />
      <Owners>
        <Owner name="" />
      </Owners>
      <Execution id="562a8bb9-2667-4fa5-8e5a-69a55f26519c" />
      <Properties>
        <Property>
          <Key>TestKind</Key>
          <Value>Test</Value>
        </Property>
      </Properties>
    </GallioTestElement>
    <GallioTestElement name="ExpectedValueForIndex" storage="D:\ASPNET_MVC\Trakker\Trakker.Tests\bin\Debug\Trakker.Tests.dll" id="30346538-6261-3539-3934-303933623333" d3p1:Gallio.TestId="8e40ab9594093b33" d3p1:Gallio.AssemblyName="Trakker.Tests, Version=1.0.0.0, Culture=neutral, PublicKeyToken=null" d3p1:Gallio.NamespaceName="Trakker.Tests.ViewModels" d3p1:Gallio.TypeName="Trakker.Tests.ViewModels.PaginationTests" d3p1:Gallio.MemberName="ExpectedValueForIndex" d3p1:Gallio.ParameterName="" d3p1:Gallio.Path="D:\ASPNET_MVC\Trakker\Trakker.Tests\Helpers\PaginationTests.cs" d3p1:Gallio.Line="110" d3p1:Gallio.Column="0" xmlns:d3p1="http://www.gallio.org/">
      <Css projectStructure="" iteration="" />
      <Owners>
        <Owner name="" />
      </Owners>
      <Execution id="ee5f0f4e-b0b3-4761-86a7-e285f1eeb5db" />
      <Properties>
        <Property>
          <Key>TestKind</Key>
          <Value>Test</Value>
        </Property>
      </Properties>
    </GallioTestElement>
    <GallioTestElement name="CanUpdatePriorityWithSave" storage="D:\ASPNET_MVC\Trakker\Trakker.Tests\bin\Debug\Trakker.Tests.dll" id="64616363-3837-3030-3365-356163316533" d3p1:Gallio.TestId="ccad78003e5ac1e3" d3p1:Gallio.AssemblyName="Trakker.Tests, Version=1.0.0.0, Culture=neutral, PublicKeyToken=null" d3p1:Gallio.NamespaceName="Trakker.Tests.TaskRepositoryTest" d3p1:Gallio.TypeName="Trakker.Tests.TaskRepositoryTest.TaskRepositoryTest" d3p1:Gallio.MemberName="CanUpdatePriorityWithSave" d3p1:Gallio.ParameterName="" d3p1:Gallio.Path="D:\ASPNET_MVC\Trakker\Trakker.Tests\Data\Repositorys\TaskRepositoryTest.cs" d3p1:Gallio.Line="95" d3p1:Gallio.Column="0" xmlns:d3p1="http://www.gallio.org/">
      <Css projectStructure="" iteration="" />
      <Owners>
        <Owner name="" />
      </Owners>
      <Execution id="6d5230c9-5b72-4ac1-8dbf-5e96e45f7490" />
      <Properties>
        <Property>
          <Key>TestKind</Key>
          <Value>Test</Value>
        </Property>
      </Properties>
    </GallioTestElement>
    <GallioTestElement name="CanGetCategory" storage="D:\ASPNET_MVC\Trakker\Trakker.Tests\bin\Debug\Trakker.Tests.dll" id="61313663-6266-3364-3062-386630656564" d3p1:Gallio.TestId="c61afbd30b8f0eed" d3p1:Gallio.AssemblyName="Trakker.Tests, Version=1.0.0.0, Culture=neutral, PublicKeyToken=null" d3p1:Gallio.NamespaceName="Trakker.Tests.TaskRepositoryTest" d3p1:Gallio.TypeName="Trakker.Tests.TaskRepositoryTest.TaskRepositoryTest" d3p1:Gallio.MemberName="CanGetCategory" d3p1:Gallio.ParameterName="" d3p1:Gallio.Path="D:\ASPNET_MVC\Trakker\Trakker.Tests\Data\Repositorys\TaskRepositoryTest.cs" d3p1:Gallio.Line="50" d3p1:Gallio.Column="0" xmlns:d3p1="http://www.gallio.org/">
      <Css projectStructure="" iteration="" />
      <Owners>
        <Owner name="" />
      </Owners>
      <Execution id="a0fb9338-e681-4c3b-80a9-264d48f8e000" />
      <Properties>
        <Property>
          <Key>TestKind</Key>
          <Value>Test</Value>
        </Property>
      </Properties>
    </GallioTestElement>
    <GallioTestElement name="CanGetCommentUsingFilterWithTaskId" storage="D:\ASPNET_MVC\Trakker\Trakker.Tests\bin\Debug\Trakker.Tests.dll" id="66356533-3961-3364-3136-663933383462" d3p1:Gallio.TestId="3e5fa9d316f9384b" d3p1:Gallio.AssemblyName="Trakker.Tests, Version=1.0.0.0, Culture=neutral, PublicKeyToken=null" d3p1:Gallio.NamespaceName="Trakker.Tests.Data.Filters" d3p1:Gallio.TypeName="Trakker.Tests.Data.Filters.CommentFiltersTests" d3p1:Gallio.MemberName="CanGetCommentUsingFilterWithTaskId" d3p1:Gallio.ParameterName="" d3p1:Gallio.Path="D:\ASPNET_MVC\Trakker\Trakker.Tests\Data\Filters\CommentFiltersTests.cs" d3p1:Gallio.Line="44" d3p1:Gallio.Column="0" xmlns:d3p1="http://www.gallio.org/">
      <Css projectStructure="" iteration="" />
      <Owners>
        <Owner name="" />
      </Owners>
      <Execution id="8b6be9ff-f0b9-4487-8a2a-1ae842407bc2" />
      <Properties>
        <Property>
          <Key>TestKind</Key>
          <Value>Test</Value>
        </Property>
      </Properties>
    </GallioTestElement>
    <GallioTestElement name="CanDeletePriority" storage="D:\ASPNET_MVC\Trakker\Trakker.Tests\bin\Debug\Trakker.Tests.dll" id="35646535-6339-3033-6661-626533666434" d3p1:Gallio.TestId="5ed59c30fabe3fd4" d3p1:Gallio.AssemblyName="Trakker.Tests, Version=1.0.0.0, Culture=neutral, PublicKeyToken=null" d3p1:Gallio.NamespaceName="Trakker.Tests.TaskRepositoryTest" d3p1:Gallio.TypeName="Trakker.Tests.TaskRepositoryTest.TaskRepositoryTest" d3p1:Gallio.MemberName="CanDeletePriority" d3p1:Gallio.ParameterName="" d3p1:Gallio.Path="D:\ASPNET_MVC\Trakker\Trakker.Tests\Data\Repositorys\TaskRepositoryTest.cs" d3p1:Gallio.Line="379" d3p1:Gallio.Column="0" xmlns:d3p1="http://www.gallio.org/">
      <Css projectStructure="" iteration="" />
      <Owners>
        <Owner name="" />
      </Owners>
      <Execution id="e944622b-1493-4916-8187-724b598ec68f" />
      <Properties>
        <Property>
          <Key>TestKind</Key>
          <Value>Test</Value>
        </Property>
      </Properties>
    </GallioTestElement>
    <GallioTestElement name="CanGetCommentUsingFilterWithUserId" storage="D:\ASPNET_MVC\Trakker\Trakker.Tests\bin\Debug\Trakker.Tests.dll" id="32663533-3534-3438-3666-633633336364" d3p1:Gallio.TestId="35f245846fc633cd" d3p1:Gallio.AssemblyName="Trakker.Tests, Version=1.0.0.0, Culture=neutral, PublicKeyToken=null" d3p1:Gallio.NamespaceName="Trakker.Tests.Data.Filters" d3p1:Gallio.TypeName="Trakker.Tests.Data.Filters.CommentFiltersTests" d3p1:Gallio.MemberName="CanGetCommentUsingFilterWithUserId" d3p1:Gallio.ParameterName="" d3p1:Gallio.Path="D:\ASPNET_MVC\Trakker\Trakker.Tests\Data\Filters\CommentFiltersTests.cs" d3p1:Gallio.Line="36" d3p1:Gallio.Column="0" xmlns:d3p1="http://www.gallio.org/">
      <Css projectStructure="" iteration="" />
      <Owners>
        <Owner name="" />
      </Owners>
      <Execution id="22730ddc-3492-4ee8-b233-bfc5a44a099b" />
      <Properties>
        <Property>
          <Key>TestKind</Key>
          <Value>Test</Value>
        </Property>
      </Properties>
    </GallioTestElement>
    <GallioTestElement name="UpperboundCannotBeLessThanIndex" storage="D:\ASPNET_MVC\Trakker\Trakker.Tests\bin\Debug\Trakker.Tests.dll" id="66326139-6366-3564-6536-373161303932" d3p1:Gallio.TestId="9a2ffcd5e671a092" d3p1:Gallio.AssemblyName="Trakker.Tests, Version=1.0.0.0, Culture=neutral, PublicKeyToken=null" d3p1:Gallio.NamespaceName="Trakker.Tests.ViewModels" d3p1:Gallio.TypeName="Trakker.Tests.ViewModels.PaginationTests" d3p1:Gallio.MemberName="UpperboundCannotBeLessThanIndex" d3p1:Gallio.ParameterName="" d3p1:Gallio.Path="D:\ASPNET_MVC\Trakker\Trakker.Tests\Helpers\PaginationTests.cs" d3p1:Gallio.Line="131" d3p1:Gallio.Column="0" xmlns:d3p1="http://www.gallio.org/">
      <Css projectStructure="" iteration="" />
      <Owners>
        <Owner name="" />
      </Owners>
      <Execution id="6461682e-13c9-4f50-b1d0-9d9b8528f77d" />
      <Properties>
        <Property>
          <Key>TestKind</Key>
          <Value>Test</Value>
        </Property>
      </Properties>
    </GallioTestElement>
    <GallioTestElement name="CanDeleteStatus" storage="D:\ASPNET_MVC\Trakker\Trakker.Tests\bin\Debug\Trakker.Tests.dll" id="65663032-3236-3961-6239-646636313139" d3p1:Gallio.TestId="20fe62a9b9df6119" d3p1:Gallio.AssemblyName="Trakker.Tests, Version=1.0.0.0, Culture=neutral, PublicKeyToken=null" d3p1:Gallio.NamespaceName="Trakker.Tests.TaskRepositoryTest" d3p1:Gallio.TypeName="Trakker.Tests.TaskRepositoryTest.TaskRepositoryTest" d3p1:Gallio.MemberName="CanDeleteStatus" d3p1:Gallio.ParameterName="" d3p1:Gallio.Path="D:\ASPNET_MVC\Trakker\Trakker.Tests\Data\Repositorys\TaskRepositoryTest.cs" d3p1:Gallio.Line="397" d3p1:Gallio.Column="0" xmlns:d3p1="http://www.gallio.org/">
      <Css projectStructure="" iteration="" />
      <Owners>
        <Owner name="" />
      </Owners>
      <Execution id="adc3abc0-e61b-43ad-b65b-0b374961cb6b" />
      <Properties>
        <Property>
          <Key>TestKind</Key>
          <Value>Test</Value>
        </Property>
      </Properties>
    </GallioTestElement>
    <GallioTestElement name="ExpectedValueForUpperboundWithOddVariance" storage="D:\ASPNET_MVC\Trakker\Trakker.Tests\bin\Debug\Trakker.Tests.dll" id="36326665-6461-3535-3436-373664326131" d3p1:Gallio.TestId="ef26ad554676d2a1" d3p1:Gallio.AssemblyName="Trakker.Tests, Version=1.0.0.0, Culture=neutral, PublicKeyToken=null" d3p1:Gallio.NamespaceName="Trakker.Tests.ViewModels" d3p1:Gallio.TypeName="Trakker.Tests.ViewModels.PaginationTests" d3p1:Gallio.MemberName="ExpectedValueForUpperboundWithOddVariance" d3p1:Gallio.ParameterName="" d3p1:Gallio.Path="D:\ASPNET_MVC\Trakker\Trakker.Tests\Helpers\PaginationTests.cs" d3p1:Gallio.Line="80" d3p1:Gallio.Column="0" xmlns:d3p1="http://www.gallio.org/">
      <Css projectStructure="" iteration="" />
      <Owners>
        <Owner name="" />
      </Owners>
      <Execution id="b3e07846-ea51-4263-bf69-f79dc714376c" />
      <Properties>
        <Property>
          <Key>TestKind</Key>
          <Value>Test</Value>
        </Property>
      </Properties>
    </GallioTestElement>
    <GallioTestElement name="LowerboundCannotBeGreaterThanIndex" storage="D:\ASPNET_MVC\Trakker\Trakker.Tests\bin\Debug\Trakker.Tests.dll" id="63376633-3762-6632-3031-316336303334" d3p1:Gallio.TestId="3f7cb72f011c6034" d3p1:Gallio.AssemblyName="Trakker.Tests, Version=1.0.0.0, Culture=neutral, PublicKeyToken=null" d3p1:Gallio.NamespaceName="Trakker.Tests.ViewModels" d3p1:Gallio.TypeName="Trakker.Tests.ViewModels.PaginationTests" d3p1:Gallio.MemberName="LowerboundCannotBeGreaterThanIndex" d3p1:Gallio.ParameterName="" d3p1:Gallio.Path="D:\ASPNET_MVC\Trakker\Trakker.Tests\Helpers\PaginationTests.cs" d3p1:Gallio.Line="124" d3p1:Gallio.Column="0" xmlns:d3p1="http://www.gallio.org/">
      <Css projectStructure="" iteration="" />
      <Owners>
        <Owner name="" />
      </Owners>
      <Execution id="ab3d8ba2-ecb1-42e3-a5b6-c0e144631bb2" />
      <Properties>
        <Property>
          <Key>TestKind</Key>
          <Value>Test</Value>
        </Property>
      </Properties>
    </GallioTestElement>
    <GallioTestElement name="UpperboundCannotBeGreaterThanTotalPages" storage="D:\ASPNET_MVC\Trakker\Trakker.Tests\bin\Debug\Trakker.Tests.dll" id="62353664-3366-6266-3332-353634623462" d3p1:Gallio.TestId="d65bf3fb32564b4b" d3p1:Gallio.AssemblyName="Trakker.Tests, Version=1.0.0.0, Culture=neutral, PublicKeyToken=null" d3p1:Gallio.NamespaceName="Trakker.Tests.ViewModels" d3p1:Gallio.TypeName="Trakker.Tests.ViewModels.PaginationTests" d3p1:Gallio.MemberName="UpperboundCannotBeGreaterThanTotalPages" d3p1:Gallio.ParameterName="" d3p1:Gallio.Path="D:\ASPNET_MVC\Trakker\Trakker.Tests\Helpers\PaginationTests.cs" d3p1:Gallio.Line="138" d3p1:Gallio.Column="0" xmlns:d3p1="http://www.gallio.org/">
      <Css projectStructure="" iteration="" />
      <Owners>
        <Owner name="" />
      </Owners>
      <Execution id="5ca659e6-a044-46e2-acd8-bab14dff9092" />
      <Properties>
        <Property>
          <Key>TestKind</Key>
          <Value>Test</Value>
        </Property>
      </Properties>
    </GallioTestElement>
    <GallioTestElement name="CanUpdateSeverityWithSave" storage="D:\ASPNET_MVC\Trakker\Trakker.Tests\bin\Debug\Trakker.Tests.dll" id="65363566-3234-3030-3763-363031316162" d3p1:Gallio.TestId="f56e42007c6011ab" d3p1:Gallio.AssemblyName="Trakker.Tests, Version=1.0.0.0, Culture=neutral, PublicKeyToken=null" d3p1:Gallio.NamespaceName="Trakker.Tests.TaskRepositoryTest" d3p1:Gallio.TypeName="Trakker.Tests.TaskRepositoryTest.TaskRepositoryTest" d3p1:Gallio.MemberName="CanUpdateSeverityWithSave" d3p1:Gallio.ParameterName="" d3p1:Gallio.Path="D:\ASPNET_MVC\Trakker\Trakker.Tests\Data\Repositorys\TaskRepositoryTest.cs" d3p1:Gallio.Line="273" d3p1:Gallio.Column="0" xmlns:d3p1="http://www.gallio.org/">
      <Css projectStructure="" iteration="" />
      <Owners>
        <Owner name="" />
      </Owners>
      <Execution id="4d611333-72ca-41a2-a2a9-c390b337fa8c" />
      <Properties>
        <Property>
          <Key>TestKind</Key>
          <Value>Test</Value>
        </Property>
      </Properties>
    </GallioTestElement>
    <GallioTestElement name="CanInsertUserWithSave" storage="D:\ASPNET_MVC\Trakker\Trakker.Tests\bin\Debug\Trakker.Tests.dll" id="62653264-3333-6264-6634-386336656163" d3p1:Gallio.TestId="d2eb33dbf48c6eac" d3p1:Gallio.AssemblyName="Trakker.Tests, Version=1.0.0.0, Culture=neutral, PublicKeyToken=null" d3p1:Gallio.NamespaceName="Trakker.Tests.TaskRepositoryTest" d3p1:Gallio.TypeName="Trakker.Tests.TaskRepositoryTest.UserRepositoryTest" d3p1:Gallio.MemberName="CanInsertUserWithSave" d3p1:Gallio.ParameterName="" d3p1:Gallio.Path="D:\ASPNET_MVC\Trakker\Trakker.Tests\Data\Repositorys\UserRepositoryTest.cs" d3p1:Gallio.Line="39" d3p1:Gallio.Column="0" xmlns:d3p1="http://www.gallio.org/">
      <Css projectStructure="" iteration="" />
      <Owners>
        <Owner name="" />
      </Owners>
      <Execution id="56163f67-70cf-42ef-bb93-e8c2213ec7d1" />
      <Properties>
        <Property>
          <Key>TestKind</Key>
          <Value>Test</Value>
        </Property>
      </Properties>
    </GallioTestElement>
    <GallioTestElement name="CanGetPaginatedObjectWithData" storage="D:\ASPNET_MVC\Trakker\Trakker.Tests\bin\Debug\Trakker.Tests.dll" id="35623536-6132-3065-3830-326332353961" d3p1:Gallio.TestId="65b52ae0802c259a" d3p1:Gallio.AssemblyName="Trakker.Tests, Version=1.0.0.0, Culture=neutral, PublicKeyToken=null" d3p1:Gallio.NamespaceName="Trakker.Tests.Data.Filters" d3p1:Gallio.TypeName="Trakker.Tests.Data.Filters.BaseFiltersTests" d3p1:Gallio.MemberName="CanGetPaginatedObjectWithData" d3p1:Gallio.ParameterName="" d3p1:Gallio.Path="D:\ASPNET_MVC\Trakker\Trakker.Tests\Data\Filters\BaseFiltersTests.cs" d3p1:Gallio.Line="28" d3p1:Gallio.Column="0" xmlns:d3p1="http://www.gallio.org/">
      <Css projectStructure="" iteration="" />
      <Owners>
        <Owner name="" />
      </Owners>
      <Execution id="3d13641d-381f-4a5b-b112-fa8d502015c8" />
      <Properties>
        <Property>
          <Key>TestKind</Key>
          <Value>Test</Value>
        </Property>
      </Properties>
    </GallioTestElement>
    <GallioTestElement name="CanDeleteTask" storage="D:\ASPNET_MVC\Trakker\Trakker.Tests\bin\Debug\Trakker.Tests.dll" id="37643133-6234-6661-6465-366466366264" d3p1:Gallio.TestId="31d74bafde6df6bd" d3p1:Gallio.AssemblyName="Trakker.Tests, Version=1.0.0.0, Culture=neutral, PublicKeyToken=null" d3p1:Gallio.NamespaceName="Trakker.Tests.TaskRepositoryTest" d3p1:Gallio.TypeName="Trakker.Tests.TaskRepositoryTest.TaskRepositoryTest" d3p1:Gallio.MemberName="CanDeleteTask" d3p1:Gallio.ParameterName="" d3p1:Gallio.Path="D:\ASPNET_MVC\Trakker\Trakker.Tests\Data\Repositorys\TaskRepositoryTest.cs" d3p1:Gallio.Line="364" d3p1:Gallio.Column="0" xmlns:d3p1="http://www.gallio.org/">
      <Css projectStructure="" iteration="" />
      <Owners>
        <Owner name="" />
      </Owners>
      <Execution id="7563878e-fcd7-4b98-af30-ddca22849b15" />
      <Properties>
        <Property>
          <Key>TestKind</Key>
          <Value>Test</Value>
        </Property>
      </Properties>
    </GallioTestElement>
    <GallioTestElement name="CanInsertStatusWithSave" storage="D:\ASPNET_MVC\Trakker\Trakker.Tests\bin\Debug\Trakker.Tests.dll" id="36333964-6131-6239-3034-303932306120" d3p1:Gallio.TestId="d9361a9b040920a" d3p1:Gallio.AssemblyName="Trakker.Tests, Version=1.0.0.0, Culture=neutral, PublicKeyToken=null" d3p1:Gallio.NamespaceName="Trakker.Tests.TaskRepositoryTest" d3p1:Gallio.TypeName="Trakker.Tests.TaskRepositoryTest.TaskRepositoryTest" d3p1:Gallio.MemberName="CanInsertStatusWithSave" d3p1:Gallio.ParameterName="" d3p1:Gallio.Path="D:\ASPNET_MVC\Trakker\Trakker.Tests\Data\Repositorys\TaskRepositoryTest.cs" d3p1:Gallio.Line="212" d3p1:Gallio.Column="0" xmlns:d3p1="http://www.gallio.org/">
      <Css projectStructure="" iteration="" />
      <Owners>
        <Owner name="" />
      </Owners>
      <Execution id="8e7687da-da1a-42ac-a7c7-eb3260245b61" />
      <Properties>
        <Property>
          <Key>TestKind</Key>
          <Value>Test</Value>
        </Property>
      </Properties>
    </GallioTestElement>
    <GallioTestElement name="CanGetUsers" storage="D:\ASPNET_MVC\Trakker\Trakker.Tests\bin\Debug\Trakker.Tests.dll" id="35383762-3065-3631-3530-613332323866" d3p1:Gallio.TestId="b785e01650a3228f" d3p1:Gallio.AssemblyName="Trakker.Tests, Version=1.0.0.0, Culture=neutral, PublicKeyToken=null" d3p1:Gallio.NamespaceName="Trakker.Tests.TaskRepositoryTest" d3p1:Gallio.TypeName="Trakker.Tests.TaskRepositoryTest.UserRepositoryTest" d3p1:Gallio.MemberName="CanGetUsers" d3p1:Gallio.ParameterName="" d3p1:Gallio.Path="D:\ASPNET_MVC\Trakker\Trakker.Tests\Data\Repositorys\UserRepositoryTest.cs" d3p1:Gallio.Line="28" d3p1:Gallio.Column="0" xmlns:d3p1="http://www.gallio.org/">
      <Css projectStructure="" iteration="" />
      <Owners>
        <Owner name="" />
      </Owners>
      <Execution id="93aad7f5-e888-438a-8d13-b944fadde51b" />
      <Properties>
        <Property>
          <Key>TestKind</Key>
          <Value>Test</Value>
        </Property>
      </Properties>
    </GallioTestElement>
    <GallioTestElement name="ExpectedValueForItemCount" storage="D:\ASPNET_MVC\Trakker\Trakker.Tests\bin\Debug\Trakker.Tests.dll" id="66646664-3664-6230-3766-396635363264" d3p1:Gallio.TestId="dfdfd60b7f9f562d" d3p1:Gallio.AssemblyName="Trakker.Tests, Version=1.0.0.0, Culture=neutral, PublicKeyToken=null" d3p1:Gallio.NamespaceName="Trakker.Tests.ViewModels" d3p1:Gallio.TypeName="Trakker.Tests.ViewModels.PaginationTests" d3p1:Gallio.MemberName="ExpectedValueForItemCount" d3p1:Gallio.ParameterName="" d3p1:Gallio.Path="D:\ASPNET_MVC\Trakker\Trakker.Tests\Helpers\PaginationTests.cs" d3p1:Gallio.Line="96" d3p1:Gallio.Column="0" xmlns:d3p1="http://www.gallio.org/">
      <Css projectStructure="" iteration="" />
      <Owners>
        <Owner name="" />
      </Owners>
      <Execution id="542b937e-2df9-414d-8ee6-d8757b81a3d5" />
      <Properties>
        <Property>
          <Key>TestKind</Key>
          <Value>Test</Value>
        </Property>
      </Properties>
    </GallioTestElement>
    <GallioTestElement name="CanDeleteComment" storage="D:\ASPNET_MVC\Trakker\Trakker.Tests\bin\Debug\Trakker.Tests.dll" id="62313134-3461-3037-6330-623365633034" d3p1:Gallio.TestId="411ba470c0b3ec04" d3p1:Gallio.AssemblyName="Trakker.Tests, Version=1.0.0.0, Culture=neutral, PublicKeyToken=null" d3p1:Gallio.NamespaceName="Trakker.Tests.TaskRepositoryTest" d3p1:Gallio.TypeName="Trakker.Tests.TaskRepositoryTest.TaskRepositoryTest" d3p1:Gallio.MemberName="CanDeleteComment" d3p1:Gallio.ParameterName="" d3p1:Gallio.Path="D:\ASPNET_MVC\Trakker\Trakker.Tests\Data\Repositorys\TaskRepositoryTest.cs" d3p1:Gallio.Line="442" d3p1:Gallio.Column="0" xmlns:d3p1="http://www.gallio.org/">
      <Css projectStructure="" iteration="" />
      <Owners>
        <Owner name="" />
      </Owners>
      <Execution id="73c158ed-e732-471a-a77c-35e55edc23bf" />
      <Properties>
        <Property>
          <Key>TestKind</Key>
          <Value>Test</Value>
        </Property>
      </Properties>
    </GallioTestElement>
    <GallioTestElement name="ExpectedValueForTotalPages" storage="D:\ASPNET_MVC\Trakker\Trakker.Tests\bin\Debug\Trakker.Tests.dll" id="37633962-3131-3533-3431-626130373862" d3p1:Gallio.TestId="b9c7113541ba078b" d3p1:Gallio.AssemblyName="Trakker.Tests, Version=1.0.0.0, Culture=neutral, PublicKeyToken=null" d3p1:Gallio.NamespaceName="Trakker.Tests.ViewModels" d3p1:Gallio.TypeName="Trakker.Tests.ViewModels.PaginationTests" d3p1:Gallio.MemberName="ExpectedValueForTotalPages" d3p1:Gallio.ParameterName="" d3p1:Gallio.Path="D:\ASPNET_MVC\Trakker\Trakker.Tests\Helpers\PaginationTests.cs" d3p1:Gallio.Line="89" d3p1:Gallio.Column="0" xmlns:d3p1="http://www.gallio.org/">
      <Css projectStructure="" iteration="" />
      <Owners>
        <Owner name="" />
      </Owners>
      <Execution id="05ab0e58-db75-4282-927d-ef6424bc8ee3" />
      <Properties>
        <Property>
          <Key>TestKind</Key>
          <Value>Test</Value>
        </Property>
      </Properties>
    </GallioTestElement>
    <GallioTestElement name="NextPageCannotBeGreaterThanTotalPages" storage="D:\ASPNET_MVC\Trakker\Trakker.Tests\bin\Debug\Trakker.Tests.dll" id="37663339-6239-3038-6665-343665346663" d3p1:Gallio.TestId="93f79b80fe46e4fc" d3p1:Gallio.AssemblyName="Trakker.Tests, Version=1.0.0.0, Culture=neutral, PublicKeyToken=null" d3p1:Gallio.NamespaceName="Trakker.Tests.ViewModels" d3p1:Gallio.TypeName="Trakker.Tests.ViewModels.PaginationTests" d3p1:Gallio.MemberName="NextPageCannotBeGreaterThanTotalPages" d3p1:Gallio.ParameterName="" d3p1:Gallio.Path="D:\ASPNET_MVC\Trakker\Trakker.Tests\Helpers\PaginationTests.cs" d3p1:Gallio.Line="152" d3p1:Gallio.Column="0" xmlns:d3p1="http://www.gallio.org/">
      <Css projectStructure="" iteration="" />
      <Owners>
        <Owner name="" />
      </Owners>
      <Execution id="3412bcbd-8f9e-42b2-beed-b863bb418bc3" />
      <Properties>
        <Property>
          <Key>TestKind</Key>
          <Value>Test</Value>
        </Property>
      </Properties>
    </GallioTestElement>
    <GallioTestElement name="CanGetComments" storage="D:\ASPNET_MVC\Trakker\Trakker.Tests\bin\Debug\Trakker.Tests.dll" id="37393638-6230-6339-3131-346363383035" d3p1:Gallio.TestId="86970b9c114cc805" d3p1:Gallio.AssemblyName="Trakker.Tests, Version=1.0.0.0, Culture=neutral, PublicKeyToken=null" d3p1:Gallio.NamespaceName="Trakker.Tests.TaskRepositoryTest" d3p1:Gallio.TypeName="Trakker.Tests.TaskRepositoryTest.TaskRepositoryTest" d3p1:Gallio.MemberName="CanGetComments" d3p1:Gallio.ParameterName="" d3p1:Gallio.Path="D:\ASPNET_MVC\Trakker\Trakker.Tests\Data\Repositorys\TaskRepositoryTest.cs" d3p1:Gallio.Line="64" d3p1:Gallio.Column="0" xmlns:d3p1="http://www.gallio.org/">
      <Css projectStructure="" iteration="" />
      <Owners>
        <Owner name="" />
      </Owners>
      <Execution id="4bfbfd59-36d9-4457-9a7d-82dc66407153" />
      <Properties>
        <Property>
          <Key>TestKind</Key>
          <Value>Test</Value>
        </Property>
      </Properties>
    </GallioTestElement>
    <GallioTestElement name="CanUpdateCommentWithSave" storage="D:\ASPNET_MVC\Trakker\Trakker.Tests\bin\Debug\Trakker.Tests.dll" id="65336335-3733-6663-3533-666234306364" d3p1:Gallio.TestId="5c3e37cf53fb40cd" d3p1:Gallio.AssemblyName="Trakker.Tests, Version=1.0.0.0, Culture=neutral, PublicKeyToken=null" d3p1:Gallio.NamespaceName="Trakker.Tests.TaskRepositoryTest" d3p1:Gallio.TypeName="Trakker.Tests.TaskRepositoryTest.TaskRepositoryTest" d3p1:Gallio.MemberName="CanUpdateCommentWithSave" d3p1:Gallio.ParameterName="" d3p1:Gallio.Path="D:\ASPNET_MVC\Trakker\Trakker.Tests\Data\Repositorys\TaskRepositoryTest.cs" d3p1:Gallio.Line="319" d3p1:Gallio.Column="0" xmlns:d3p1="http://www.gallio.org/">
      <Css projectStructure="" iteration="" />
      <Owners>
        <Owner name="" />
      </Owners>
      <Execution id="4423fc3f-1e07-4d45-818b-4d9706702e7a" />
      <Properties>
        <Property>
          <Key>TestKind</Key>
          <Value>Test</Value>
        </Property>
      </Properties>
    </GallioTestElement>
    <GallioTestElement name="ExpectedValueForHasNextPage" storage="D:\ASPNET_MVC\Trakker\Trakker.Tests\bin\Debug\Trakker.Tests.dll" id="39326162-6438-3832-3937-306237353663" d3p1:Gallio.TestId="ba298d28970b756c" d3p1:Gallio.AssemblyName="Trakker.Tests, Version=1.0.0.0, Culture=neutral, PublicKeyToken=null" d3p1:Gallio.NamespaceName="Trakker.Tests.ViewModels" d3p1:Gallio.TypeName="Trakker.Tests.ViewModels.PaginationTests" d3p1:Gallio.MemberName="ExpectedValueForHasNextPage" d3p1:Gallio.ParameterName="" d3p1:Gallio.Path="D:\ASPNET_MVC\Trakker\Trakker.Tests\Helpers\PaginationTests.cs" d3p1:Gallio.Line="19" d3p1:Gallio.Column="0" xmlns:d3p1="http://www.gallio.org/">
      <Css projectStructure="" iteration="" />
      <Owners>
        <Owner name="" />
      </Owners>
      <Execution id="851a9678-40bd-42ff-b75c-18b3294a5780" />
      <Properties>
        <Property>
          <Key>TestKind</Key>
          <Value>Test</Value>
        </Property>
      </Properties>
    </GallioTestElement>
    <GallioTestElement name="CanInsertPriorityWithSave" storage="D:\ASPNET_MVC\Trakker\Trakker.Tests\bin\Debug\Trakker.Tests.dll" id="63383038-3165-3866-6631-623432393635" d3p1:Gallio.TestId="808ce1f8f1b42965" d3p1:Gallio.AssemblyName="Trakker.Tests, Version=1.0.0.0, Culture=neutral, PublicKeyToken=null" d3p1:Gallio.NamespaceName="Trakker.Tests.TaskRepositoryTest" d3p1:Gallio.TypeName="Trakker.Tests.TaskRepositoryTest.TaskRepositoryTest" d3p1:Gallio.MemberName="CanInsertPriorityWithSave" d3p1:Gallio.ParameterName="" d3p1:Gallio.Path="D:\ASPNET_MVC\Trakker\Trakker.Tests\Data\Repositorys\TaskRepositoryTest.cs" d3p1:Gallio.Line="75" d3p1:Gallio.Column="0" xmlns:d3p1="http://www.gallio.org/">
      <Css projectStructure="" iteration="" />
      <Owners>
        <Owner name="" />
      </Owners>
      <Execution id="d19b0793-4fbc-4108-aa4b-a2e29103245d" />
      <Properties>
        <Property>
          <Key>TestKind</Key>
          <Value>Test</Value>
        </Property>
      </Properties>
    </GallioTestElement>
    <GallioTestElement name="CanInsertSeverityWithSave" storage="D:\ASPNET_MVC\Trakker\Trakker.Tests\bin\Debug\Trakker.Tests.dll" id="63353537-6462-3933-3535-363934613864" d3p1:Gallio.TestId="755cbd3955694a8d" d3p1:Gallio.AssemblyName="Trakker.Tests, Version=1.0.0.0, Culture=neutral, PublicKeyToken=null" d3p1:Gallio.NamespaceName="Trakker.Tests.TaskRepositoryTest" d3p1:Gallio.TypeName="Trakker.Tests.TaskRepositoryTest.TaskRepositoryTest" d3p1:Gallio.MemberName="CanInsertSeverityWithSave" d3p1:Gallio.ParameterName="" d3p1:Gallio.Path="D:\ASPNET_MVC\Trakker\Trakker.Tests\Data\Repositorys\TaskRepositoryTest.cs" d3p1:Gallio.Line="253" d3p1:Gallio.Column="0" xmlns:d3p1="http://www.gallio.org/">
      <Css projectStructure="" iteration="" />
      <Owners>
        <Owner name="" />
      </Owners>
      <Execution id="fcb3ce78-90f0-4cf0-82e8-e84e96ca438d" />
      <Properties>
        <Property>
          <Key>TestKind</Key>
          <Value>Test</Value>
        </Property>
      </Properties>
    </GallioTestElement>
    <GallioTestElement name="CanUpdateStatusWithSave" storage="D:\ASPNET_MVC\Trakker\Trakker.Tests\bin\Debug\Trakker.Tests.dll" id="37346263-3930-3631-3665-333737343261" d3p1:Gallio.TestId="cb4709166e37742a" d3p1:Gallio.AssemblyName="Trakker.Tests, Version=1.0.0.0, Culture=neutral, PublicKeyToken=null" d3p1:Gallio.NamespaceName="Trakker.Tests.TaskRepositoryTest" d3p1:Gallio.TypeName="Trakker.Tests.TaskRepositoryTest.TaskRepositoryTest" d3p1:Gallio.MemberName="CanUpdateStatusWithSave" d3p1:Gallio.ParameterName="" d3p1:Gallio.Path="D:\ASPNET_MVC\Trakker\Trakker.Tests\Data\Repositorys\TaskRepositoryTest.cs" d3p1:Gallio.Line="231" d3p1:Gallio.Column="0" xmlns:d3p1="http://www.gallio.org/">
      <Css projectStructure="" iteration="" />
      <Owners>
        <Owner name="" />
      </Owners>
      <Execution id="c3586845-26a7-4535-ba20-ee2fb5c74dc6" />
      <Properties>
        <Property>
          <Key>TestKind</Key>
          <Value>Test</Value>
        </Property>
      </Properties>
    </GallioTestElement>
    <GallioTestElement name="CanDeleteUser" storage="D:\ASPNET_MVC\Trakker\Trakker.Tests\bin\Debug\Trakker.Tests.dll" id="37656437-3235-6162-3239-396330363763" d3p1:Gallio.TestId="7de752ba299c067c" d3p1:Gallio.AssemblyName="Trakker.Tests, Version=1.0.0.0, Culture=neutral, PublicKeyToken=null" d3p1:Gallio.NamespaceName="Trakker.Tests.TaskRepositoryTest" d3p1:Gallio.TypeName="Trakker.Tests.TaskRepositoryTest.UserRepositoryTest" d3p1:Gallio.MemberName="CanDeleteUser" d3p1:Gallio.ParameterName="" d3p1:Gallio.Path="D:\ASPNET_MVC\Trakker\Trakker.Tests\Data\Repositorys\UserRepositoryTest.cs" d3p1:Gallio.Line="98" d3p1:Gallio.Column="0" xmlns:d3p1="http://www.gallio.org/">
      <Css projectStructure="" iteration="" />
      <Owners>
        <Owner name="" />
      </Owners>
      <Execution id="90d75d88-3ff9-41d9-b8f1-65980961bb76" />
      <Properties>
        <Property>
          <Key>TestKind</Key>
          <Value>Test</Value>
        </Property>
      </Properties>
    </GallioTestElement>
    <GallioTestElement name="CanGetPriorityUsingFilterWithId" storage="D:\ASPNET_MVC\Trakker\Trakker.Tests\bin\Debug\Trakker.Tests.dll" id="35393833-3265-3931-6239-613938613064" d3p1:Gallio.TestId="3895e219b9a98a0d" d3p1:Gallio.AssemblyName="Trakker.Tests, Version=1.0.0.0, Culture=neutral, PublicKeyToken=null" d3p1:Gallio.NamespaceName="Trakker.Tests.Data.Filters" d3p1:Gallio.TypeName="Trakker.Tests.Data.Filters.PriorityFiltersTests" d3p1:Gallio.MemberName="CanGetPriorityUsingFilterWithId" d3p1:Gallio.ParameterName="" d3p1:Gallio.Path="D:\ASPNET_MVC\Trakker\Trakker.Tests\Data\Filters\PriorityFiltersTests.cs" d3p1:Gallio.Line="28" d3p1:Gallio.Column="0" xmlns:d3p1="http://www.gallio.org/">
      <Css projectStructure="" iteration="" />
      <Owners>
        <Owner name="" />
      </Owners>
      <Execution id="6e579323-36c6-4768-853d-21273a10dcc9" />
      <Properties>
        <Property>
          <Key>TestKind</Key>
          <Value>Test</Value>
        </Property>
      </Properties>
    </GallioTestElement>
  </TestDefinitions>
  <TestLists>
    <TestList name="Results Not in a List" id="8c84fa94-04c1-424b-9868-57a2d4851a1d" />
    <TestList name="All Loaded Results" id="19431567-8539-422a-85d7-44ee4e166bda" />
  </TestLists>
  <TestEntries>
    <TestEntry testId="39306339-3035-3162-6437-666238393262" executionId="49ce42c5-8a86-4593-8978-c8aa847451a4" testListId="8c84fa94-04c1-424b-9868-57a2d4851a1d" />
    <TestEntry testId="62353664-3366-6266-3332-353634623462" executionId="5ca659e6-a044-46e2-acd8-bab14dff9092" testListId="8c84fa94-04c1-424b-9868-57a2d4851a1d" />
    <TestEntry testId="39326162-6438-3832-3937-306237353663" executionId="851a9678-40bd-42ff-b75c-18b3294a5780" testListId="8c84fa94-04c1-424b-9868-57a2d4851a1d" />
    <TestEntry testId="37663339-6239-3038-6665-343665346663" executionId="3412bcbd-8f9e-42b2-beed-b863bb418bc3" testListId="8c84fa94-04c1-424b-9868-57a2d4851a1d" />
    <TestEntry testId="66326139-6366-3564-6536-373161303932" executionId="6461682e-13c9-4f50-b1d0-9d9b8528f77d" testListId="8c84fa94-04c1-424b-9868-57a2d4851a1d" />
    <TestEntry testId="63646466-3437-3335-6533-353166323434" executionId="f8693758-ad17-4c61-8ce9-680201dd9f49" testListId="8c84fa94-04c1-424b-9868-57a2d4851a1d" />
    <TestEntry testId="64313333-3666-3134-6233-393834626437" executionId="c8895c99-09cc-4b75-80aa-7498367c0efc" testListId="8c84fa94-04c1-424b-9868-57a2d4851a1d" />
    <TestEntry testId="37383535-3765-3566-3533-636434393134" executionId="0a3a36cf-2898-47c8-a81c-8f7db5878f6a" testListId="8c84fa94-04c1-424b-9868-57a2d4851a1d" />
    <TestEntry testId="34386233-6635-3165-3239-663966663434" executionId="cfd0dc5b-27d7-498f-a257-017f3013a83f" testListId="8c84fa94-04c1-424b-9868-57a2d4851a1d" />
    <TestEntry testId="61303763-3863-6635-6436-663634646665" executionId="562a8bb9-2667-4fa5-8e5a-69a55f26519c" testListId="8c84fa94-04c1-424b-9868-57a2d4851a1d" />
    <TestEntry testId="33393733-6433-6338-3232-376664343666" executionId="c09548e1-0037-43e7-92ae-f45dab21d697" testListId="8c84fa94-04c1-424b-9868-57a2d4851a1d" />
    <TestEntry testId="36326665-6461-3535-3436-373664326131" executionId="b3e07846-ea51-4263-bf69-f79dc714376c" testListId="8c84fa94-04c1-424b-9868-57a2d4851a1d" />
    <TestEntry testId="30346538-6261-3539-3934-303933623333" executionId="ee5f0f4e-b0b3-4761-86a7-e285f1eeb5db" testListId="8c84fa94-04c1-424b-9868-57a2d4851a1d" />
    <TestEntry testId="30366166-3333-6565-3633-636335373120" executionId="58c1ad52-fa7a-4e72-afdf-2cbef5e56030" testListId="8c84fa94-04c1-424b-9868-57a2d4851a1d" />
    <TestEntry testId="63376633-3762-6632-3031-316336303334" executionId="ab3d8ba2-ecb1-42e3-a5b6-c0e144631bb2" testListId="8c84fa94-04c1-424b-9868-57a2d4851a1d" />
    <TestEntry testId="37633962-3131-3533-3431-626130373862" executionId="05ab0e58-db75-4282-927d-ef6424bc8ee3" testListId="8c84fa94-04c1-424b-9868-57a2d4851a1d" />
    <TestEntry testId="66646664-3664-6230-3766-396635363264" executionId="542b937e-2df9-414d-8ee6-d8757b81a3d5" testListId="8c84fa94-04c1-424b-9868-57a2d4851a1d" />
    <TestEntry testId="39613634-3264-3137-3932-633962653063" executionId="92ba1565-4c95-44cd-b9a4-6fa3de3096a4" testListId="8c84fa94-04c1-424b-9868-57a2d4851a1d" />
    <TestEntry testId="35383762-3065-3631-3530-613332323866" executionId="93aad7f5-e888-438a-8d13-b944fadde51b" testListId="8c84fa94-04c1-424b-9868-57a2d4851a1d" />
    <TestEntry testId="62653264-3333-6264-6634-386336656163" executionId="56163f67-70cf-42ef-bb93-e8c2213ec7d1" testListId="8c84fa94-04c1-424b-9868-57a2d4851a1d" />
    <TestEntry testId="37656437-3235-6162-3239-396330363763" executionId="90d75d88-3ff9-41d9-b8f1-65980961bb76" testListId="8c84fa94-04c1-424b-9868-57a2d4851a1d" />
    <TestEntry testId="39333633-6365-6432-3662-313432343463" executionId="06e7a0f1-95f8-456c-abf1-1c9cab3af4fe" testListId="8c84fa94-04c1-424b-9868-57a2d4851a1d" />
    <TestEntry testId="39316438-3563-3663-6663-363032663235" executionId="0eac29a1-eefe-495a-9877-782a2cf101e2" testListId="8c84fa94-04c1-424b-9868-57a2d4851a1d" />
    <TestEntry testId="38656533-3631-3130-3438-356535363838" executionId="a2584b71-3b98-44f1-bad1-23343928f548" testListId="8c84fa94-04c1-424b-9868-57a2d4851a1d" />
    <TestEntry testId="35646535-6339-3033-6661-626533666434" executionId="e944622b-1493-4916-8187-724b598ec68f" testListId="8c84fa94-04c1-424b-9868-57a2d4851a1d" />
    <TestEntry testId="65663032-3236-3961-6239-646636313139" executionId="adc3abc0-e61b-43ad-b65b-0b374961cb6b" testListId="8c84fa94-04c1-424b-9868-57a2d4851a1d" />
    <TestEntry testId="66323337-3632-3335-6265-313565663461" executionId="4012ce3c-81e5-4237-9d07-17262179c361" testListId="8c84fa94-04c1-424b-9868-57a2d4851a1d" />
    <TestEntry testId="37643133-6234-6661-6465-366466366264" executionId="7563878e-fcd7-4b98-af30-ddca22849b15" testListId="8c84fa94-04c1-424b-9868-57a2d4851a1d" />
    <TestEntry testId="62313134-3461-3037-6330-623365633034" executionId="73c158ed-e732-471a-a77c-35e55edc23bf" testListId="8c84fa94-04c1-424b-9868-57a2d4851a1d" />
    <TestEntry testId="61356636-3261-3530-3638-663363313237" executionId="80f8d5f6-bac8-4d19-94a3-2357cea2233e" testListId="8c84fa94-04c1-424b-9868-57a2d4851a1d" />
    <TestEntry testId="31343939-3936-3534-3832-643532636535" executionId="36eb4b7e-75d2-4eb2-b10a-af944e915d16" testListId="8c84fa94-04c1-424b-9868-57a2d4851a1d" />
    <TestEntry testId="36303934-3739-3730-3335-383438383239" executionId="1228fae5-0a95-4f65-a3c7-b26658c12f44" testListId="8c84fa94-04c1-424b-9868-57a2d4851a1d" />
    <TestEntry testId="63383038-3165-3866-6631-623432393635" executionId="d19b0793-4fbc-4108-aa4b-a2e29103245d" testListId="8c84fa94-04c1-424b-9868-57a2d4851a1d" />
    <TestEntry testId="37393638-6230-6339-3131-346363383035" executionId="4bfbfd59-36d9-4457-9a7d-82dc66407153" testListId="8c84fa94-04c1-424b-9868-57a2d4851a1d" />
    <TestEntry testId="35613633-6134-3432-3937-333630326334" executionId="3946d94c-9997-49ea-a0ad-2292bf43d111" testListId="8c84fa94-04c1-424b-9868-57a2d4851a1d" />
    <TestEntry testId="64616363-3837-3030-3365-356163316533" executionId="6d5230c9-5b72-4ac1-8dbf-5e96e45f7490" testListId="8c84fa94-04c1-424b-9868-57a2d4851a1d" />
    <TestEntry testId="39353937-3966-3664-3336-343161376634" executionId="4ebfbd56-55e0-4c88-8935-d6fb9093a6ad" testListId="8c84fa94-04c1-424b-9868-57a2d4851a1d" />
    <TestEntry testId="64653863-6135-3039-6337-623034373662" executionId="9db87920-7548-4a58-a074-bdc17994cb6f" testListId="8c84fa94-04c1-424b-9868-57a2d4851a1d" />
    <TestEntry testId="37323164-3063-3531-3736-313634346563" executionId="aed1d786-6cee-4689-8ea3-2a56ced26b51" testListId="8c84fa94-04c1-424b-9868-57a2d4851a1d" />
    <TestEntry testId="61313663-6266-3364-3062-386630656564" executionId="a0fb9338-e681-4c3b-80a9-264d48f8e000" testListId="8c84fa94-04c1-424b-9868-57a2d4851a1d" />
    <TestEntry testId="62653566-3562-6238-6465-663730306136" executionId="104005f9-2f11-456a-ad31-14747b52f740" testListId="8c84fa94-04c1-424b-9868-57a2d4851a1d" />
    <TestEntry testId="65363566-3234-3030-3763-363031316162" executionId="4d611333-72ca-41a2-a2a9-c390b337fa8c" testListId="8c84fa94-04c1-424b-9868-57a2d4851a1d" />
    <TestEntry testId="63353537-6462-3933-3535-363934613864" executionId="fcb3ce78-90f0-4cf0-82e8-e84e96ca438d" testListId="8c84fa94-04c1-424b-9868-57a2d4851a1d" />
    <TestEntry testId="65336335-3733-6663-3533-666234306364" executionId="4423fc3f-1e07-4d45-818b-4d9706702e7a" testListId="8c84fa94-04c1-424b-9868-57a2d4851a1d" />
    <TestEntry testId="64323663-3865-3661-3531-393831306136" executionId="ce8e873c-81aa-4ea4-a823-6e5f66587519" testListId="8c84fa94-04c1-424b-9868-57a2d4851a1d" />
    <TestEntry testId="66343531-3639-6466-6135-623330333734" executionId="d5a23443-437b-42f3-b073-4d537663e0cc" testListId="8c84fa94-04c1-424b-9868-57a2d4851a1d" />
    <TestEntry testId="38323333-3535-6530-3264-306338333331" executionId="5f3a7f7f-fc25-4496-a456-304ee788f191" testListId="8c84fa94-04c1-424b-9868-57a2d4851a1d" />
    <TestEntry testId="37346263-3930-3631-3665-333737343261" executionId="c3586845-26a7-4535-ba20-ee2fb5c74dc6" testListId="8c84fa94-04c1-424b-9868-57a2d4851a1d" />
    <TestEntry testId="36333964-6131-6239-3034-303932306120" executionId="8e7687da-da1a-42ac-a7c7-eb3260245b61" testListId="8c84fa94-04c1-424b-9868-57a2d4851a1d" />
    <TestEntry testId="38373765-6262-6365-6339-623664653333" executionId="56ccec8e-e348-4a62-a4e2-f4edb3bda717" testListId="8c84fa94-04c1-424b-9868-57a2d4851a1d" />
    <TestEntry testId="66356533-3961-3364-3136-663933383462" executionId="8b6be9ff-f0b9-4487-8a2a-1ae842407bc2" testListId="8c84fa94-04c1-424b-9868-57a2d4851a1d" />
    <TestEntry testId="32663533-3534-3438-3666-633633336364" executionId="22730ddc-3492-4ee8-b233-bfc5a44a099b" testListId="8c84fa94-04c1-424b-9868-57a2d4851a1d" />
    <TestEntry testId="65363236-3732-6330-3731-656461376534" executionId="a1d21cbf-e551-4821-9ad1-f2c04258211f" testListId="8c84fa94-04c1-424b-9868-57a2d4851a1d" />
    <TestEntry testId="35393833-3265-3931-6239-613938613064" executionId="6e579323-36c6-4768-853d-21273a10dcc9" testListId="8c84fa94-04c1-424b-9868-57a2d4851a1d" />
    <TestEntry testId="36333638-6264-3965-3766-626337323434" executionId="99ad4eba-8011-4766-af3f-8564af78bd7c" testListId="8c84fa94-04c1-424b-9868-57a2d4851a1d" />
    <TestEntry testId="38333637-3338-3465-3634-346466623935" executionId="c05c64c4-dffc-4b92-bb38-b33ac9c58ab2" testListId="8c84fa94-04c1-424b-9868-57a2d4851a1d" />
    <TestEntry testId="39376366-3234-6538-3432-313232626434" executionId="920c5c43-e2b8-43d9-b895-b4fc65347011" testListId="8c84fa94-04c1-424b-9868-57a2d4851a1d" />
    <TestEntry testId="36303433-6230-3739-3462-383733383265" executionId="ed23d156-e864-4e6e-9155-f952c9cd0534" testListId="8c84fa94-04c1-424b-9868-57a2d4851a1d" />
    <TestEntry testId="37353836-3832-3332-3963-316332646239" executionId="2b9dc410-5d21-4d6a-ab0c-42f735b61482" testListId="8c84fa94-04c1-424b-9868-57a2d4851a1d" />
    <TestEntry testId="35623536-6132-3065-3830-326332353961" executionId="3d13641d-381f-4a5b-b112-fa8d502015c8" testListId="8c84fa94-04c1-424b-9868-57a2d4851a1d" />
  </TestEntries>
  <Results>
    <GallioTestResult executionId="49ce42c5-8a86-4593-8978-c8aa847451a4" testId="39306339-3035-3162-6437-666238393262" testName="PreviousPageCannotBeLessThanOne" computerName="JUSTIN-PC" duration="00:00:00.0020000" startTime="2010-01-27T00:55:06.8208335-08:00" endTime="2010-01-27T00:55:06.8248338-08:00" testType="f3589083-259c-4054-87f7-75cdad4b08e5" outcome="Passed" testListId="8c84fa94-04c1-424b-9868-57a2d4851a1d">
    </GallioTestResult>
    <GallioTestResult executionId="5ca659e6-a044-46e2-acd8-bab14dff9092" testId="62353664-3366-6266-3332-353634623462" testName="UpperboundCannotBeGreaterThanTotalPages" computerName="JUSTIN-PC" duration="00:00:00.0040000" startTime="2010-01-27T00:55:06.8508352-08:00" endTime="2010-01-27T00:55:06.8538354-08:00" testType="f3589083-259c-4054-87f7-75cdad4b08e5" outcome="Passed" testListId="8c84fa94-04c1-424b-9868-57a2d4851a1d">
    </GallioTestResult>
    <GallioTestResult executionId="851a9678-40bd-42ff-b75c-18b3294a5780" testId="39326162-6438-3832-3937-306237353663" testName="ExpectedValueForHasNextPage" computerName="JUSTIN-PC" duration="00:00:00.0050000" startTime="2010-01-27T00:55:06.3838085-08:00" endTime="2010-01-27T00:55:06.3878088-08:00" testType="f3589083-259c-4054-87f7-75cdad4b08e5" outcome="Passed" testListId="8c84fa94-04c1-424b-9868-57a2d4851a1d">
    </GallioTestResult>
    <GallioTestResult executionId="3412bcbd-8f9e-42b2-beed-b863bb418bc3" testId="37663339-6239-3038-6665-343665346663" testName="NextPageCannotBeGreaterThanTotalPages" computerName="JUSTIN-PC" duration="00:00:00.0010000" startTime="2010-01-27T00:55:06.7948320-08:00" endTime="2010-01-27T00:55:06.7988323-08:00" testType="f3589083-259c-4054-87f7-75cdad4b08e5" outcome="Passed" testListId="8c84fa94-04c1-424b-9868-57a2d4851a1d">
    </GallioTestResult>
    <GallioTestResult executionId="6461682e-13c9-4f50-b1d0-9d9b8528f77d" testId="66326139-6366-3564-6536-373161303932" testName="UpperboundCannotBeLessThanIndex" computerName="JUSTIN-PC" duration="00:00:00.0020000" startTime="2010-01-27T00:55:06.8828371-08:00" endTime="2010-01-27T00:55:06.8858372-08:00" testType="f3589083-259c-4054-87f7-75cdad4b08e5" outcome="Passed" testListId="8c84fa94-04c1-424b-9868-57a2d4851a1d">
    </GallioTestResult>
    <GallioTestResult executionId="f8693758-ad17-4c61-8ce9-680201dd9f49" testId="63646466-3437-3335-6533-353166323434" testName="ExpectedValueForLowerboundWithEvenVariance" computerName="JUSTIN-PC" duration="00:00:00.0040000" startTime="2010-01-27T00:55:06.5038154-08:00" endTime="2010-01-27T00:55:06.5078156-08:00" testType="f3589083-259c-4054-87f7-75cdad4b08e5" outcome="Passed" testListId="8c84fa94-04c1-424b-9868-57a2d4851a1d">
    </GallioTestResult>
    <GallioTestResult executionId="c8895c99-09cc-4b75-80aa-7498367c0efc" testId="64313333-3666-3134-6233-393834626437" testName="ExpectedValueForLowerboundWithOddVariance" computerName="JUSTIN-PC" duration="00:00:00.0010000" startTime="2010-01-27T00:55:06.5318170-08:00" endTime="2010-01-27T00:55:06.5358172-08:00" testType="f3589083-259c-4054-87f7-75cdad4b08e5" outcome="Passed" testListId="8c84fa94-04c1-424b-9868-57a2d4851a1d">
    </GallioTestResult>
    <GallioTestResult executionId="0a3a36cf-2898-47c8-a81c-8f7db5878f6a" testId="37383535-3765-3566-3533-636434393134" testName="ExpectedValueForUpperboundWithEvenVariance" computerName="JUSTIN-PC" duration="00:00:00.0010000" startTime="2010-01-27T00:55:06.6218221-08:00" endTime="2010-01-27T00:55:06.6248223-08:00" testType="f3589083-259c-4054-87f7-75cdad4b08e5" outcome="Passed" testListId="8c84fa94-04c1-424b-9868-57a2d4851a1d">
    </GallioTestResult>
    <GallioTestResult executionId="cfd0dc5b-27d7-498f-a257-017f3013a83f" testId="34386233-6635-3165-3239-663966663434" testName="IndexCannotBeLessThanOne" computerName="JUSTIN-PC" duration="00:00:00.0030000" startTime="2010-01-27T00:55:06.7128274-08:00" endTime="2010-01-27T00:55:06.7178276-08:00" testType="f3589083-259c-4054-87f7-75cdad4b08e5" outcome="Passed" testListId="8c84fa94-04c1-424b-9868-57a2d4851a1d">
    </GallioTestResult>
    <GallioTestResult executionId="562a8bb9-2667-4fa5-8e5a-69a55f26519c" testId="61303763-3863-6635-6436-663634646665" testName="IndexCannotBeGreaterThanTotalPages" computerName="JUSTIN-PC" duration="00:00:00.0010000" startTime="2010-01-27T00:55:06.6748252-08:00" endTime="2010-01-27T00:55:06.6798255-08:00" testType="f3589083-259c-4054-87f7-75cdad4b08e5" outcome="Passed" testListId="8c84fa94-04c1-424b-9868-57a2d4851a1d">
    </GallioTestResult>
    <GallioTestResult executionId="c09548e1-0037-43e7-92ae-f45dab21d697" testId="33393733-6433-6338-3232-376664343666" testName="ExpectedValueForHasPreviousPage" computerName="JUSTIN-PC" duration="00:00:00.0010000" startTime="2010-01-27T00:55:06.4158104-08:00" endTime="2010-01-27T00:55:06.4188105-08:00" testType="f3589083-259c-4054-87f7-75cdad4b08e5" outcome="Passed" testListId="8c84fa94-04c1-424b-9868-57a2d4851a1d">
    </GallioTestResult>
    <GallioTestResult executionId="b3e07846-ea51-4263-bf69-f79dc714376c" testId="36326665-6461-3535-3436-373664326131" testName="ExpectedValueForUpperboundWithOddVariance" computerName="JUSTIN-PC" duration="00:00:00.0030000" startTime="2010-01-27T00:55:06.6488237-08:00" endTime="2010-01-27T00:55:06.6518239-08:00" testType="f3589083-259c-4054-87f7-75cdad4b08e5" outcome="Passed" testListId="8c84fa94-04c1-424b-9868-57a2d4851a1d">
    </GallioTestResult>
    <GallioTestResult executionId="ee5f0f4e-b0b3-4761-86a7-e285f1eeb5db" testId="30346538-6261-3539-3934-303933623333" testName="ExpectedValueForIndex" computerName="JUSTIN-PC" duration="00:00:00.0240000" startTime="2010-01-27T00:55:06.4438120-08:00" endTime="2010-01-27T00:55:06.4478122-08:00" testType="f3589083-259c-4054-87f7-75cdad4b08e5" outcome="Passed" testListId="8c84fa94-04c1-424b-9868-57a2d4851a1d">
    </GallioTestResult>
    <GallioTestResult executionId="58c1ad52-fa7a-4e72-afdf-2cbef5e56030" testId="30366166-3333-6565-3633-636335373120" testName="LowerboundCannotBeLessThanOne" computerName="JUSTIN-PC" duration="00:00:00.0050000" startTime="2010-01-27T00:55:06.7688306-08:00" endTime="2010-01-27T00:55:06.7718307-08:00" testType="f3589083-259c-4054-87f7-75cdad4b08e5" outcome="Passed" testListId="8c84fa94-04c1-424b-9868-57a2d4851a1d">
    </GallioTestResult>
    <GallioTestResult executionId="ab3d8ba2-ecb1-42e3-a5b6-c0e144631bb2" testId="63376633-3762-6632-3031-316336303334" testName="LowerboundCannotBeGreaterThanIndex" computerName="JUSTIN-PC" duration="00:00:00.0070000" startTime="2010-01-27T00:55:06.7408290-08:00" endTime="2010-01-27T00:55:06.7448292-08:00" testType="f3589083-259c-4054-87f7-75cdad4b08e5" outcome="Passed" testListId="8c84fa94-04c1-424b-9868-57a2d4851a1d">
    </GallioTestResult>
    <GallioTestResult executionId="05ab0e58-db75-4282-927d-ef6424bc8ee3" testId="37633962-3131-3533-3431-626130373862" testName="ExpectedValueForTotalPages" computerName="JUSTIN-PC" duration="00:00:00.0010000" startTime="2010-01-27T00:55:06.5888203-08:00" endTime="2010-01-27T00:55:06.5948206-08:00" testType="f3589083-259c-4054-87f7-75cdad4b08e5" outcome="Passed" testListId="8c84fa94-04c1-424b-9868-57a2d4851a1d">
    </GallioTestResult>
    <GallioTestResult executionId="542b937e-2df9-414d-8ee6-d8757b81a3d5" testId="66646664-3664-6230-3766-396635363264" testName="ExpectedValueForItemCount" computerName="JUSTIN-PC" duration="00:00:00.0010000" startTime="2010-01-27T00:55:06.4738137-08:00" endTime="2010-01-27T00:55:06.4768139-08:00" testType="f3589083-259c-4054-87f7-75cdad4b08e5" outcome="Passed" testListId="8c84fa94-04c1-424b-9868-57a2d4851a1d">
    </GallioTestResult>
    <GallioTestResult executionId="92ba1565-4c95-44cd-b9a4-6fa3de3096a4" testId="39613634-3264-3137-3932-633962653063" testName="ExpectedValueForPageSize" computerName="JUSTIN-PC" duration="00:00:00.0080000" startTime="2010-01-27T00:55:06.5578185-08:00" endTime="2010-01-27T00:55:06.5638188-08:00" testType="f3589083-259c-4054-87f7-75cdad4b08e5" outcome="Passed" testListId="8c84fa94-04c1-424b-9868-57a2d4851a1d">
    </GallioTestResult>
    <GallioTestResult executionId="93aad7f5-e888-438a-8d13-b944fadde51b" testId="35383762-3065-3631-3530-613332323866" testName="CanGetUsers" computerName="JUSTIN-PC" duration="00:00:00.0030000" startTime="2010-01-27T00:55:08.6929406-08:00" endTime="2010-01-27T00:55:08.6959408-08:00" testType="f3589083-259c-4054-87f7-75cdad4b08e5" outcome="Passed" testListId="8c84fa94-04c1-424b-9868-57a2d4851a1d">
    </GallioTestResult>
    <GallioTestResult executionId="56163f67-70cf-42ef-bb93-e8c2213ec7d1" testId="62653264-3333-6264-6634-386336656163" testName="CanInsertUserWithSave" computerName="JUSTIN-PC" duration="00:00:00.0210000" startTime="2010-01-27T00:55:08.7179420-08:00" endTime="2010-01-27T00:55:08.7209422-08:00" testType="f3589083-259c-4054-87f7-75cdad4b08e5" outcome="Passed" testListId="8c84fa94-04c1-424b-9868-57a2d4851a1d">
    </GallioTestResult>
    <GallioTestResult executionId="90d75d88-3ff9-41d9-b8f1-65980961bb76" testId="37656437-3235-6162-3239-396330363763" testName="CanDeleteUser" computerName="JUSTIN-PC" duration="00:00:00.0240000" startTime="2010-01-27T00:55:08.6629389-08:00" endTime="2010-01-27T00:55:08.6669391-08:00" testType="f3589083-259c-4054-87f7-75cdad4b08e5" outcome="Passed" testListId="8c84fa94-04c1-424b-9868-57a2d4851a1d">
    </GallioTestResult>
    <GallioTestResult executionId="06e7a0f1-95f8-456c-abf1-1c9cab3af4fe" testId="39333633-6365-6432-3662-313432343463" testName="CanUpdateUserWithSave" computerName="JUSTIN-PC" duration="00:00:00.0450000" startTime="2010-01-27T00:55:08.7429435-08:00" endTime="2010-01-27T00:55:08.7469437-08:00" testType="f3589083-259c-4054-87f7-75cdad4b08e5" outcome="Passed" testListId="8c84fa94-04c1-424b-9868-57a2d4851a1d">
    </GallioTestResult>
    <GallioTestResult executionId="0eac29a1-eefe-495a-9877-782a2cf101e2" testId="39316438-3563-3663-6663-363032663235" testName="CanGetSeverityUsingFilterWithId" computerName="JUSTIN-PC" duration="00:00:00.0160000" startTime="2010-01-27T00:55:06.9688420-08:00" endTime="2010-01-27T00:55:06.9718422-08:00" testType="f3589083-259c-4054-87f7-75cdad4b08e5" outcome="Passed" testListId="8c84fa94-04c1-424b-9868-57a2d4851a1d">
    </GallioTestResult>
    <GallioTestResult executionId="a2584b71-3b98-44f1-bad1-23343928f548" testId="38656533-3631-3130-3438-356535363838" testName="CanGetSeverityUsingFilterWithName" computerName="JUSTIN-PC" duration="00:00:00.0060000" startTime="2010-01-27T00:55:06.9958435-08:00" endTime="2010-01-27T00:55:06.9998438-08:00" testType="f3589083-259c-4054-87f7-75cdad4b08e5" outcome="Passed" testListId="8c84fa94-04c1-424b-9868-57a2d4851a1d">
    </GallioTestResult>
    <GallioTestResult executionId="e944622b-1493-4916-8187-724b598ec68f" testId="35646535-6339-3033-6661-626533666434" testName="CanDeletePriority" computerName="JUSTIN-PC" duration="00:00:00.0260000" startTime="2010-01-27T00:55:07.7758882-08:00" endTime="2010-01-27T00:55:07.7798884-08:00" testType="f3589083-259c-4054-87f7-75cdad4b08e5" outcome="Passed" testListId="8c84fa94-04c1-424b-9868-57a2d4851a1d">
    </GallioTestResult>
    <GallioTestResult executionId="adc3abc0-e61b-43ad-b65b-0b374961cb6b" testId="65663032-3236-3961-6239-646636313139" testName="CanDeleteStatus" computerName="JUSTIN-PC" duration="00:00:00.0420000" startTime="2010-01-27T00:55:07.8438920-08:00" endTime="2010-01-27T00:55:07.8578928-08:00" testType="f3589083-259c-4054-87f7-75cdad4b08e5" outcome="Passed" testListId="8c84fa94-04c1-424b-9868-57a2d4851a1d">
    </GallioTestResult>
    <GallioTestResult executionId="4012ce3c-81e5-4237-9d07-17262179c361" testId="66323337-3632-3335-6265-313565663461" testName="CanGenerateProperSlugForATask" computerName="JUSTIN-PC" duration="00:00:00.1280000" startTime="2010-01-27T00:55:07.9538983-08:00" endTime="2010-01-27T00:55:08.0569042-08:00" testType="f3589083-259c-4054-87f7-75cdad4b08e5" outcome="Passed" testListId="8c84fa94-04c1-424b-9868-57a2d4851a1d">
    </GallioTestResult>
    <GallioTestResult executionId="7563878e-fcd7-4b98-af30-ddca22849b15" testId="37643133-6234-6661-6465-366466366264" testName="CanDeleteTask" computerName="JUSTIN-PC" duration="00:00:00.0700000" startTime="2010-01-27T00:55:07.8848944-08:00" endTime="2010-01-27T00:55:07.9288969-08:00" testType="f3589083-259c-4054-87f7-75cdad4b08e5" outcome="Passed" testListId="8c84fa94-04c1-424b-9868-57a2d4851a1d">
    </GallioTestResult>
    <GallioTestResult executionId="73c158ed-e732-471a-a77c-35e55edc23bf" testId="62313134-3461-3037-6330-623365633034" testName="CanDeleteComment" computerName="JUSTIN-PC" duration="00:00:00.0210000" startTime="2010-01-27T00:55:07.7478866-08:00" endTime="2010-01-27T00:55:07.7508867-08:00" testType="f3589083-259c-4054-87f7-75cdad4b08e5" outcome="Passed" testListId="8c84fa94-04c1-424b-9868-57a2d4851a1d">
    </GallioTestResult>
    <GallioTestResult executionId="80f8d5f6-bac8-4d19-94a3-2357cea2233e" testId="61356636-3261-3530-3638-663363313237" testName="CanGetTasks" computerName="JUSTIN-PC" duration="00:00:00.0050000" startTime="2010-01-27T00:55:08.2399147-08:00" endTime="2010-01-27T00:55:08.2439149-08:00" testType="f3589083-259c-4054-87f7-75cdad4b08e5" outcome="Passed" testListId="8c84fa94-04c1-424b-9868-57a2d4851a1d">
    </GallioTestResult>
    <GallioTestResult executionId="36eb4b7e-75d2-4eb2-b10a-af944e915d16" testId="31343939-3936-3534-3832-643532636535" testName="CanDeleteSeverity" computerName="JUSTIN-PC" duration="00:00:00.0250000" startTime="2010-01-27T00:55:07.8158904-08:00" endTime="2010-01-27T00:55:07.8208907-08:00" testType="f3589083-259c-4054-87f7-75cdad4b08e5" outcome="Passed" testListId="8c84fa94-04c1-424b-9868-57a2d4851a1d">
    </GallioTestResult>
    <GallioTestResult executionId="1228fae5-0a95-4f65-a3c7-b26658c12f44" testId="36303934-3739-3730-3335-383438383239" testName="CanDeleteCategory" computerName="JUSTIN-PC" duration="00:00:01.1860000" startTime="2010-01-27T00:55:07.0848486-08:00" endTime="2010-01-27T00:55:07.7218851-08:00" testType="f3589083-259c-4054-87f7-75cdad4b08e5" outcome="Passed" testListId="8c84fa94-04c1-424b-9868-57a2d4851a1d">
    </GallioTestResult>
    <GallioTestResult executionId="d19b0793-4fbc-4108-aa4b-a2e29103245d" testId="63383038-3165-3866-6631-623432393635" testName="CanInsertPriorityWithSave" computerName="JUSTIN-PC" duration="00:00:00.0100000" startTime="2010-01-27T00:55:08.3329200-08:00" endTime="2010-01-27T00:55:08.3369202-08:00" testType="f3589083-259c-4054-87f7-75cdad4b08e5" outcome="Passed" testListId="8c84fa94-04c1-424b-9868-57a2d4851a1d">
    </GallioTestResult>
    <GallioTestResult executionId="4bfbfd59-36d9-4457-9a7d-82dc66407153" testId="37393638-6230-6339-3131-346363383035" testName="CanGetComments" computerName="JUSTIN-PC" duration="00:00:00.0080000" startTime="2010-01-27T00:55:08.1109073-08:00" endTime="2010-01-27T00:55:08.1169077-08:00" testType="f3589083-259c-4054-87f7-75cdad4b08e5" outcome="Passed" testListId="8c84fa94-04c1-424b-9868-57a2d4851a1d">
    </GallioTestResult>
    <GallioTestResult executionId="3946d94c-9997-49ea-a0ad-2292bf43d111" testId="35613633-6134-3432-3937-333630326334" testName="CanInsertCategoryWithSave" computerName="JUSTIN-PC" duration="00:00:00.0170000" startTime="2010-01-27T00:55:08.2659162-08:00" endTime="2010-01-27T00:55:08.2699164-08:00" testType="f3589083-259c-4054-87f7-75cdad4b08e5" outcome="Passed" testListId="8c84fa94-04c1-424b-9868-57a2d4851a1d">
    </GallioTestResult>
    <GallioTestResult executionId="6d5230c9-5b72-4ac1-8dbf-5e96e45f7490" testId="64616363-3837-3030-3365-356163316533" testName="CanUpdatePriorityWithSave" computerName="JUSTIN-PC" duration="00:00:00.0220000" startTime="2010-01-27T00:55:08.5089301-08:00" endTime="2010-01-27T00:55:08.5129303-08:00" testType="f3589083-259c-4054-87f7-75cdad4b08e5" outcome="Passed" testListId="8c84fa94-04c1-424b-9868-57a2d4851a1d">
    </GallioTestResult>
    <GallioTestResult executionId="4ebfbd56-55e0-4c88-8935-d6fb9093a6ad" testId="39353937-3966-3664-3336-343161376634" testName="CanGetSeverities" computerName="JUSTIN-PC" duration="00:00:00.0080000" startTime="2010-01-27T00:55:08.1819114-08:00" endTime="2010-01-27T00:55:08.1849116-08:00" testType="f3589083-259c-4054-87f7-75cdad4b08e5" outcome="Passed" testListId="8c84fa94-04c1-424b-9868-57a2d4851a1d">
    </GallioTestResult>
    <GallioTestResult executionId="9db87920-7548-4a58-a074-bdc17994cb6f" testId="64653863-6135-3039-6337-623034373662" testName="CanGetPriorities" computerName="JUSTIN-PC" duration="00:00:00.0060000" startTime="2010-01-27T00:55:08.1389089-08:00" endTime="2010-01-27T00:55:08.1419091-08:00" testType="f3589083-259c-4054-87f7-75cdad4b08e5" outcome="Passed" testListId="8c84fa94-04c1-424b-9868-57a2d4851a1d">
    </GallioTestResult>
    <GallioTestResult executionId="aed1d786-6cee-4689-8ea3-2a56ced26b51" testId="37323164-3063-3531-3736-313634346563" testName="CanGetStatus" computerName="JUSTIN-PC" duration="00:00:00.0060000" startTime="2010-01-27T00:55:08.2069128-08:00" endTime="2010-01-27T00:55:08.2109130-08:00" testType="f3589083-259c-4054-87f7-75cdad4b08e5" outcome="Passed" testListId="8c84fa94-04c1-424b-9868-57a2d4851a1d">
    </GallioTestResult>
    <GallioTestResult executionId="a0fb9338-e681-4c3b-80a9-264d48f8e000" testId="61313663-6266-3364-3062-386630656564" testName="CanGetCategory" computerName="JUSTIN-PC" duration="00:00:00.0050000" startTime="2010-01-27T00:55:08.0789055-08:00" endTime="2010-01-27T00:55:08.0819057-08:00" testType="f3589083-259c-4054-87f7-75cdad4b08e5" outcome="Passed" testListId="8c84fa94-04c1-424b-9868-57a2d4851a1d">
    </GallioTestResult>
    <GallioTestResult executionId="104005f9-2f11-456a-ad31-14747b52f740" testId="62653566-3562-6238-6465-663730306136" testName="CanUpdateCategoryWithSave" computerName="JUSTIN-PC" duration="00:00:00.0300000" startTime="2010-01-27T00:55:08.4489267-08:00" endTime="2010-01-27T00:55:08.4559271-08:00" testType="f3589083-259c-4054-87f7-75cdad4b08e5" outcome="Passed" testListId="8c84fa94-04c1-424b-9868-57a2d4851a1d">
    </GallioTestResult>
    <GallioTestResult executionId="4d611333-72ca-41a2-a2a9-c390b337fa8c" testId="65363566-3234-3030-3763-363031316162" testName="CanUpdateSeverityWithSave" computerName="JUSTIN-PC" duration="00:00:00.0250000" startTime="2010-01-27T00:55:08.5359316-08:00" endTime="2010-01-27T00:55:08.5399319-08:00" testType="f3589083-259c-4054-87f7-75cdad4b08e5" outcome="Passed" testListId="8c84fa94-04c1-424b-9868-57a2d4851a1d">
    </GallioTestResult>
    <GallioTestResult executionId="fcb3ce78-90f0-4cf0-82e8-e84e96ca438d" testId="63353537-6462-3933-3535-363934613864" testName="CanInsertSeverityWithSave" computerName="JUSTIN-PC" duration="00:00:00.0100000" startTime="2010-01-27T00:55:08.3619217-08:00" endTime="2010-01-27T00:55:08.3659219-08:00" testType="f3589083-259c-4054-87f7-75cdad4b08e5" outcome="Passed" testListId="8c84fa94-04c1-424b-9868-57a2d4851a1d">
    </GallioTestResult>
    <GallioTestResult executionId="4423fc3f-1e07-4d45-818b-4d9706702e7a" testId="65336335-3733-6663-3533-666234306364" testName="CanUpdateCommentWithSave" computerName="JUSTIN-PC" duration="00:00:00.0490000" startTime="2010-01-27T00:55:08.4779283-08:00" endTime="2010-01-27T00:55:08.4819285-08:00" testType="f3589083-259c-4054-87f7-75cdad4b08e5" outcome="Passed" testListId="8c84fa94-04c1-424b-9868-57a2d4851a1d">
    </GallioTestResult>
    <GallioTestResult executionId="ce8e873c-81aa-4ea4-a823-6e5f66587519" testId="64323663-3865-3661-3531-393831306136" testName="CanInsertCommentWithSave" computerName="JUSTIN-PC" duration="00:00:00.0600000" startTime="2010-01-27T00:55:08.3069185-08:00" endTime="2010-01-27T00:55:08.3109188-08:00" testType="f3589083-259c-4054-87f7-75cdad4b08e5" outcome="Passed" testListId="8c84fa94-04c1-424b-9868-57a2d4851a1d">
    </GallioTestResult>
    <GallioTestResult executionId="d5a23443-437b-42f3-b073-4d537663e0cc" testId="66343531-3639-6466-6135-623330333734" testName="CanUpdateTaskWithSave" computerName="JUSTIN-PC" duration="00:00:00.0510000" startTime="2010-01-27T00:55:08.5969351-08:00" endTime="2010-01-27T00:55:08.6009353-08:00" testType="f3589083-259c-4054-87f7-75cdad4b08e5" outcome="Passed" testListId="8c84fa94-04c1-424b-9868-57a2d4851a1d">
    </GallioTestResult>
    <GallioTestResult executionId="5f3a7f7f-fc25-4496-a456-304ee788f191" testId="38323333-3535-6530-3264-306338333331" testName="CanInsertTaskWithSave" computerName="JUSTIN-PC" duration="00:00:00.0130000" startTime="2010-01-27T00:55:08.4219251-08:00" endTime="2010-01-27T00:55:08.4259253-08:00" testType="f3589083-259c-4054-87f7-75cdad4b08e5" outcome="Passed" testListId="8c84fa94-04c1-424b-9868-57a2d4851a1d">
    </GallioTestResult>
    <GallioTestResult executionId="c3586845-26a7-4535-ba20-ee2fb5c74dc6" testId="37346263-3930-3631-3665-333737343261" testName="CanUpdateStatusWithSave" computerName="JUSTIN-PC" duration="00:00:00.0270000" startTime="2010-01-27T00:55:08.5669334-08:00" endTime="2010-01-27T00:55:08.5719337-08:00" testType="f3589083-259c-4054-87f7-75cdad4b08e5" outcome="Passed" testListId="8c84fa94-04c1-424b-9868-57a2d4851a1d">
    </GallioTestResult>
    <GallioTestResult executionId="8e7687da-da1a-42ac-a7c7-eb3260245b61" testId="36333964-6131-6239-3034-303932306120" testName="CanInsertStatusWithSave" computerName="JUSTIN-PC" duration="00:00:00.0150000" startTime="2010-01-27T00:55:08.3889232-08:00" endTime="2010-01-27T00:55:08.3939235-08:00" testType="f3589083-259c-4054-87f7-75cdad4b08e5" outcome="Passed" testListId="8c84fa94-04c1-424b-9868-57a2d4851a1d">
    </GallioTestResult>
    <GallioTestResult executionId="56ccec8e-e348-4a62-a4e2-f4edb3bda717" testId="38373765-6262-6365-6339-623664653333" testName="CanGetCommentUsingFilterWithId" computerName="JUSTIN-PC" duration="00:00:00.0070000" startTime="2010-01-27T00:55:06.2458006-08:00" endTime="2010-01-27T00:55:06.2498009-08:00" testType="f3589083-259c-4054-87f7-75cdad4b08e5" outcome="Passed" testListId="8c84fa94-04c1-424b-9868-57a2d4851a1d">
    </GallioTestResult>
    <GallioTestResult executionId="8b6be9ff-f0b9-4487-8a2a-1ae842407bc2" testId="66356533-3961-3364-3136-663933383462" testName="CanGetCommentUsingFilterWithTaskId" computerName="JUSTIN-PC" duration="00:00:00.0050000" startTime="2010-01-27T00:55:06.2758024-08:00" endTime="2010-01-27T00:55:06.2808026-08:00" testType="f3589083-259c-4054-87f7-75cdad4b08e5" outcome="Passed" testListId="8c84fa94-04c1-424b-9868-57a2d4851a1d">
    </GallioTestResult>
    <GallioTestResult executionId="22730ddc-3492-4ee8-b233-bfc5a44a099b" testId="32663533-3534-3438-3666-633633336364" testName="CanGetCommentUsingFilterWithUserId" computerName="JUSTIN-PC" duration="00:00:00.1600000" startTime="2010-01-27T00:55:06.3088042-08:00" endTime="2010-01-27T00:55:06.3378059-08:00" testType="f3589083-259c-4054-87f7-75cdad4b08e5" outcome="Failed" testListId="8c84fa94-04c1-424b-9868-57a2d4851a1d">
      <Output>
        <ErrorInfo>
          <Message>Execute
System.InvalidOperationException: Sequence contains more than one element
   at System.Data.Linq.SqlClient.SqlProvider.Execute(Expression query, QueryInfo queryInfo, IObjectReaderFactory factory, Object[] parentArgs, Object[] userArgs, ICompiledSubQuery[] subQueries, Object lastResult)
   at System.Data.Linq.SqlClient.SqlProvider.ExecuteAll(Expression query, QueryInfo[] queryInfos, IObjectReaderFactory factory, Object[] userArguments, ICompiledSubQuery[] subQueries)
   at System.Data.Linq.SqlClient.SqlProvider.System.Data.Linq.Provider.IProvider.Execute(Expression query)
   at System.Data.Linq.DataQuery`1.System.Linq.IQueryProvider.Execute[S](Expression expression)
   at System.Linq.Queryable.SingleOrDefault[TSource](IQueryable`1 source)
   at Trakker.Tests.Data.Filters.CommentFiltersTests.CanGetCommentUsingFilterWithUserId() in D:\ASPNET_MVC\Trakker\Trakker.Tests\Data\Filters\CommentFiltersTests.cs:line 37</Message>
        </ErrorInfo>
      </Output>
    </GallioTestResult>
    <GallioTestResult executionId="a1d21cbf-e551-4821-9ad1-f2c04258211f" testId="65363236-3732-6330-3731-656461376534" testName="CanGetUserUsingFilterWithEmail" computerName="JUSTIN-PC" duration="00:00:00.0240000" startTime="2010-01-27T00:55:08.6329372-08:00" endTime="2010-01-27T00:55:08.6369374-08:00" testType="f3589083-259c-4054-87f7-75cdad4b08e5" outcome="Passed" testListId="8c84fa94-04c1-424b-9868-57a2d4851a1d">
    </GallioTestResult>
    <GallioTestResult executionId="6e579323-36c6-4768-853d-21273a10dcc9" testId="35393833-3265-3931-6239-613938613064" testName="CanGetPriorityUsingFilterWithId" computerName="JUSTIN-PC" duration="00:00:00.0200000" startTime="2010-01-27T00:55:06.9118387-08:00" endTime="2010-01-27T00:55:06.9148389-08:00" testType="f3589083-259c-4054-87f7-75cdad4b08e5" outcome="Passed" testListId="8c84fa94-04c1-424b-9868-57a2d4851a1d">
    </GallioTestResult>
    <GallioTestResult executionId="99ad4eba-8011-4766-af3f-8564af78bd7c" testId="36333638-6264-3965-3766-626337323434" testName="CanGetPriorityUsingFilterWithName" computerName="JUSTIN-PC" duration="00:00:00.0090000" startTime="2010-01-27T00:55:06.9368402-08:00" endTime="2010-01-27T00:55:06.9418405-08:00" testType="f3589083-259c-4054-87f7-75cdad4b08e5" outcome="Passed" testListId="8c84fa94-04c1-424b-9868-57a2d4851a1d">
    </GallioTestResult>
    <GallioTestResult executionId="c05c64c4-dffc-4b92-bb38-b33ac9c58ab2" testId="38333637-3338-3465-3634-346466623935" testName="CanGetCategoryUsingFilterWithId" computerName="JUSTIN-PC" duration="00:00:00.0140000" startTime="2010-01-27T00:55:06.1747966-08:00" endTime="2010-01-27T00:55:06.1777968-08:00" testType="f3589083-259c-4054-87f7-75cdad4b08e5" outcome="Passed" testListId="8c84fa94-04c1-424b-9868-57a2d4851a1d">
    </GallioTestResult>
    <GallioTestResult executionId="920c5c43-e2b8-43d9-b895-b4fc65347011" testId="39376366-3234-6538-3432-313232626434" testName="CanGetCategoryUsingFilterWithName" computerName="JUSTIN-PC" duration="00:00:00.0190000" startTime="2010-01-27T00:55:06.2017981-08:00" endTime="2010-01-27T00:55:06.2067984-08:00" testType="f3589083-259c-4054-87f7-75cdad4b08e5" outcome="Passed" testListId="8c84fa94-04c1-424b-9868-57a2d4851a1d">
    </GallioTestResult>
    <GallioTestResult executionId="ed23d156-e864-4e6e-9155-f952c9cd0534" testId="36303433-6230-3739-3462-383733383265" testName="CanGetStatusUsingFilterWithId" computerName="JUSTIN-PC" duration="00:00:00.0140000" startTime="2010-01-27T00:55:07.0288454-08:00" endTime="2010-01-27T00:55:07.0318456-08:00" testType="f3589083-259c-4054-87f7-75cdad4b08e5" outcome="Passed" testListId="8c84fa94-04c1-424b-9868-57a2d4851a1d">
    </GallioTestResult>
    <GallioTestResult executionId="2b9dc410-5d21-4d6a-ab0c-42f735b61482" testId="37353836-3832-3332-3963-316332646239" testName="CanGetStatusUsingFilterWithName" computerName="JUSTIN-PC" duration="00:00:00.0080000" startTime="2010-01-27T00:55:07.0558470-08:00" endTime="2010-01-27T00:55:07.0588471-08:00" testType="f3589083-259c-4054-87f7-75cdad4b08e5" outcome="Passed" testListId="8c84fa94-04c1-424b-9868-57a2d4851a1d">
    </GallioTestResult>
    <GallioTestResult executionId="3d13641d-381f-4a5b-b112-fa8d502015c8" testId="35623536-6132-3065-3830-326332353961" testName="CanGetPaginatedObjectWithData" computerName="JUSTIN-PC" duration="00:00:00.0800000" startTime="2010-01-27T00:55:06.0187877-08:00" endTime="2010-01-27T00:55:06.1017924-08:00" testType="f3589083-259c-4054-87f7-75cdad4b08e5" outcome="Passed" testListId="8c84fa94-04c1-424b-9868-57a2d4851a1d">
    </GallioTestResult>
  </Results>
</TestRun>